Archive member included to satisfy reference by file (symbol)

c:/users/public/app/mingw-w64-i686-arm-none-eabi/bin/../lib/gcc/arm-none-eabi/12.2.1/thumb/v7-m/nofp\libc.a(libc_a-exit.o)
                              c:/users/public/app/mingw-w64-i686-arm-none-eabi/bin/../lib/gcc/arm-none-eabi/12.2.1/thumb/v7-m/nofp/crt0.o (exit)
c:/users/public/app/mingw-w64-i686-arm-none-eabi/bin/../lib/gcc/arm-none-eabi/12.2.1/thumb/v7-m/nofp\libc.a(libc_a-malloc.o)
                              CMakeFiles/dfu-test.elf.dir/User_App/com/com_buffer.c.obj (malloc)
c:/users/public/app/mingw-w64-i686-arm-none-eabi/bin/../lib/gcc/arm-none-eabi/12.2.1/thumb/v7-m/nofp\libc.a(libc_a-mallocr.o)
                              c:/users/public/app/mingw-w64-i686-arm-none-eabi/bin/../lib/gcc/arm-none-eabi/12.2.1/thumb/v7-m/nofp\libc.a(libc_a-malloc.o) (_malloc_r)
c:/users/public/app/mingw-w64-i686-arm-none-eabi/bin/../lib/gcc/arm-none-eabi/12.2.1/thumb/v7-m/nofp\libc.a(libc_a-mlock.o)
                              c:/users/public/app/mingw-w64-i686-arm-none-eabi/bin/../lib/gcc/arm-none-eabi/12.2.1/thumb/v7-m/nofp\libc.a(libc_a-mallocr.o) (__malloc_lock)
c:/users/public/app/mingw-w64-i686-arm-none-eabi/bin/../lib/gcc/arm-none-eabi/12.2.1/thumb/v7-m/nofp\libc.a(libc_a-findfp.o)
                              c:/users/public/app/mingw-w64-i686-arm-none-eabi/bin/../lib/gcc/arm-none-eabi/12.2.1/thumb/v7-m/nofp\libc.a(libc_a-exit.o) (__stdio_exit_handler)
c:/users/public/app/mingw-w64-i686-arm-none-eabi/bin/../lib/gcc/arm-none-eabi/12.2.1/thumb/v7-m/nofp\libc.a(libc_a-fwalk.o)
                              c:/users/public/app/mingw-w64-i686-arm-none-eabi/bin/../lib/gcc/arm-none-eabi/12.2.1/thumb/v7-m/nofp\libc.a(libc_a-findfp.o) (_fwalk_sglue)
c:/users/public/app/mingw-w64-i686-arm-none-eabi/bin/../lib/gcc/arm-none-eabi/12.2.1/thumb/v7-m/nofp\libc.a(libc_a-stdio.o)
                              c:/users/public/app/mingw-w64-i686-arm-none-eabi/bin/../lib/gcc/arm-none-eabi/12.2.1/thumb/v7-m/nofp\libc.a(libc_a-findfp.o) (__sread)
c:/users/public/app/mingw-w64-i686-arm-none-eabi/bin/../lib/gcc/arm-none-eabi/12.2.1/thumb/v7-m/nofp\libc.a(libc_a-vsnprintf.o)
                              CMakeFiles/dfu-test.elf.dir/User_App/com/log.c.obj (vsnprintf)
c:/users/public/app/mingw-w64-i686-arm-none-eabi/bin/../lib/gcc/arm-none-eabi/12.2.1/thumb/v7-m/nofp\libc.a(libc_a-memset.o)
                              c:/users/public/app/mingw-w64-i686-arm-none-eabi/bin/../lib/gcc/arm-none-eabi/12.2.1/thumb/v7-m/nofp/crt0.o (memset)
c:/users/public/app/mingw-w64-i686-arm-none-eabi/bin/../lib/gcc/arm-none-eabi/12.2.1/thumb/v7-m/nofp\libc.a(libc_a-closer.o)
                              c:/users/public/app/mingw-w64-i686-arm-none-eabi/bin/../lib/gcc/arm-none-eabi/12.2.1/thumb/v7-m/nofp\libc.a(libc_a-stdio.o) (_close_r)
c:/users/public/app/mingw-w64-i686-arm-none-eabi/bin/../lib/gcc/arm-none-eabi/12.2.1/thumb/v7-m/nofp\libc.a(libc_a-reent.o)
                              c:/users/public/app/mingw-w64-i686-arm-none-eabi/bin/../lib/gcc/arm-none-eabi/12.2.1/thumb/v7-m/nofp\libc.a(libc_a-closer.o) (errno)
c:/users/public/app/mingw-w64-i686-arm-none-eabi/bin/../lib/gcc/arm-none-eabi/12.2.1/thumb/v7-m/nofp\libc.a(libc_a-impure.o)
                              c:/users/public/app/mingw-w64-i686-arm-none-eabi/bin/../lib/gcc/arm-none-eabi/12.2.1/thumb/v7-m/nofp\libc.a(libc_a-malloc.o) (_impure_ptr)
c:/users/public/app/mingw-w64-i686-arm-none-eabi/bin/../lib/gcc/arm-none-eabi/12.2.1/thumb/v7-m/nofp\libc.a(libc_a-lseekr.o)
                              c:/users/public/app/mingw-w64-i686-arm-none-eabi/bin/../lib/gcc/arm-none-eabi/12.2.1/thumb/v7-m/nofp\libc.a(libc_a-stdio.o) (_lseek_r)
c:/users/public/app/mingw-w64-i686-arm-none-eabi/bin/../lib/gcc/arm-none-eabi/12.2.1/thumb/v7-m/nofp\libc.a(libc_a-readr.o)
                              c:/users/public/app/mingw-w64-i686-arm-none-eabi/bin/../lib/gcc/arm-none-eabi/12.2.1/thumb/v7-m/nofp\libc.a(libc_a-stdio.o) (_read_r)
c:/users/public/app/mingw-w64-i686-arm-none-eabi/bin/../lib/gcc/arm-none-eabi/12.2.1/thumb/v7-m/nofp\libc.a(libc_a-sbrkr.o)
                              c:/users/public/app/mingw-w64-i686-arm-none-eabi/bin/../lib/gcc/arm-none-eabi/12.2.1/thumb/v7-m/nofp\libc.a(libc_a-mallocr.o) (_sbrk_r)
c:/users/public/app/mingw-w64-i686-arm-none-eabi/bin/../lib/gcc/arm-none-eabi/12.2.1/thumb/v7-m/nofp\libc.a(libc_a-writer.o)
                              c:/users/public/app/mingw-w64-i686-arm-none-eabi/bin/../lib/gcc/arm-none-eabi/12.2.1/thumb/v7-m/nofp\libc.a(libc_a-stdio.o) (_write_r)
c:/users/public/app/mingw-w64-i686-arm-none-eabi/bin/../lib/gcc/arm-none-eabi/12.2.1/thumb/v7-m/nofp\libc.a(libc_a-errno.o)
                              CMakeFiles/dfu-test.elf.dir/Core/Src/syscalls.c.obj (__errno)
c:/users/public/app/mingw-w64-i686-arm-none-eabi/bin/../lib/gcc/arm-none-eabi/12.2.1/thumb/v7-m/nofp\libc.a(libc_a-init.o)
[...]
Memory Configuration

Name             Origin             Length             Attributes
RAM              0x20000000         0x00005000         xrw
FLASH            0x08000000         0x00010000         xr
*default*        0x00000000         0xffffffff

Linker script and memory map

LOAD c:/users/public/app/mingw-w64-i686-arm-none-eabi/bin/../lib/gcc/arm-none-eabi/12.2.1/thumb/v7-m/nofp/crti.o
LOAD c:/users/public/app/mingw-w64-i686-arm-none-eabi/bin/../lib/gcc/arm-none-eabi/12.2.1/thumb/v7-m/nofp/crtbegin.o
LOAD c:/users/public/app/mingw-w64-i686-arm-none-eabi/bin/../lib/gcc/arm-none-eabi/12.2.1/thumb/v7-m/nofp/crt0.o
LOAD CMakeFiles/dfu-test.elf.dir/Core/Src/dma.c.obj
LOAD CMakeFiles/dfu-test.elf.dir/Core/Src/gpio.c.obj
LOAD CMakeFiles/dfu-test.elf.dir/Core/Src/main.c.obj
LOAD CMakeFiles/dfu-test.elf.dir/Core/Src/stm32f1xx_hal_msp.c.obj
LOAD CMakeFiles/dfu-test.elf.dir/Core/Src/stm32f1xx_it.c.obj
LOAD CMakeFiles/dfu-test.elf.dir/Core/Src/syscalls.c.obj
LOAD CMakeFiles/dfu-test.elf.dir/Core/Src/sysmem.c.obj
LOAD CMakeFiles/dfu-test.elf.dir/Core/Src/system_stm32f1xx.c.obj
LOAD CMakeFiles/dfu-test.elf.dir/Core/Src/usart.c.obj
LOAD CMakeFiles/dfu-test.elf.dir/Core/Startup/startup_stm32f103c8tx.s.obj
LOAD CMakeFiles/dfu-test.elf.dir/Drivers/STM32F1xx_HAL_Driver/Src/stm32f1xx_hal.c.obj
LOAD CMakeFiles/dfu-test.elf.dir/Drivers/STM32F1xx_HAL_Driver/Src/stm32f1xx_hal_cortex.c.obj
LOAD CMakeFiles/dfu-test.elf.dir/Drivers/STM32F1xx_HAL_Driver/Src/stm32f1xx_hal_dma.c.obj
LOAD CMakeFiles/dfu-test.elf.dir/Drivers/STM32F1xx_HAL_Driver/Src/stm32f1xx_hal_exti.c.obj
LOAD CMakeFiles/dfu-test.elf.dir/Drivers/STM32F1xx_HAL_Driver/Src/stm32f1xx_hal_flash.c.obj
LOAD CMakeFiles/dfu-test.elf.dir/Drivers/STM32F1xx_HAL_Driver/Src/stm32f1xx_hal_flash_ex.c.obj
LOAD CMakeFiles/dfu-test.elf.dir/Drivers/STM32F1xx_HAL_Driver/Src/stm32f1xx_hal_gpio.c.obj
LOAD CMakeFiles/dfu-test.elf.dir/Drivers/STM32F1xx_HAL_Driver/Src/stm32f1xx_hal_gpio_ex.c.obj
LOAD CMakeFiles/dfu-test.elf.dir/Drivers/STM32F1xx_HAL_Driver/Src/stm32f1xx_hal_pcd.c.obj
LOAD CMakeFiles/dfu-test.elf.dir/Drivers/STM32F1xx_HAL_Driver/Src/stm32f1xx_hal_pcd_ex.c.obj
LOAD CMakeFiles/dfu-test.elf.dir/Drivers/STM32F1xx_HAL_Driver/Src/stm32f1xx_hal_pwr.c.obj
LOAD CMakeFiles/dfu-test.elf.dir/Drivers/STM32F1xx_HAL_Driver/Src/stm32f1xx_hal_rcc.c.obj
LOAD CMakeFiles/dfu-test.elf.dir/Drivers/STM32F1xx_HAL_Driver/Src/stm32f1xx_hal_rcc_ex.c.obj
LOAD CMakeFiles/dfu-test.elf.dir/Drivers/STM32F1xx_HAL_Driver/Src/stm32f1xx_hal_tim.c.obj
LOAD CMakeFiles/dfu-test.elf.dir/Drivers/STM32F1xx_HAL_Driver/Src/stm32f1xx_hal_tim_ex.c.obj
LOAD CMakeFiles/dfu-test.elf.dir/Drivers/STM32F1xx_HAL_Driver/Src/stm32f1xx_hal_uart.c.obj
LOAD CMakeFiles/dfu-test.elf.dir/Drivers/STM32F1xx_HAL_Driver/Src/stm32f1xx_ll_usb.c.obj
LOAD CMakeFiles/dfu-test.elf.dir/Middlewares/ST/STM32_USB_Device_Library/Class/DFU/Src/usbd_dfu.c.obj
LOAD CMakeFiles/dfu-test.elf.dir/Middlewares/ST/STM32_USB_Device_Library/Core/Src/usbd_core.c.obj
LOAD CMakeFiles/dfu-test.elf.dir/Middlewares/ST/STM32_USB_Device_Library/Core/Src/usbd_ctlreq.c.obj
LOAD CMakeFiles/dfu-test.elf.dir/Middlewares/ST/STM32_USB_Device_Library/Core/Src/usbd_ioreq.c.obj
LOAD CMakeFiles/dfu-test.elf.dir/USB_DEVICE/App/usb_device.c.obj
LOAD CMakeFiles/dfu-test.elf.dir/USB_DEVICE/App/usbd_desc.c.obj
LOAD CMakeFiles/dfu-test.elf.dir/USB_DEVICE/App/usbd_dfu_if.c.obj
LOAD CMakeFiles/dfu-test.elf.dir/USB_DEVICE/Target/usbd_conf.c.obj
LOAD CMakeFiles/dfu-test.elf.dir/User_App/Main.c.obj
LOAD CMakeFiles/dfu-test.elf.dir/User_App/com/com_buffer.c.obj
LOAD CMakeFiles/dfu-test.elf.dir/User_App/com/log.c.obj
LOAD CMakeFiles/dfu-test.elf.dir/User_Drive/com/uart_drive.c.obj
START GROUP
LOAD c:/users/public/app/mingw-w64-i686-arm-none-eabi/bin/../lib/gcc/arm-none-eabi/12.2.1/thumb/v7-m/nofp\libgcc.a
LOAD c:/users/public/app/mingw-w64-i686-arm-none-eabi/bin/../lib/gcc/arm-none-eabi/12.2.1/thumb/v7-m/nofp\libc.a
END GROUP
LOAD c:/users/public/app/mingw-w64-i686-arm-none-eabi/bin/../lib/gcc/arm-none-eabi/12.2.1/thumb/v7-m/nofp/crtend.o
LOAD c:/users/public/app/mingw-w64-i686-arm-none-eabi/bin/../lib/gcc/arm-none-eabi/12.2.1/thumb/v7-m/nofp/crtn.o
                0x20005000                        _estack = (ORIGIN (RAM) + LENGTH (RAM))
                0x00000200                        _Min_Heap_Size = 0x200
                0x00000400                        _Min_Stack_Size = 0x400

.isr_vector     0x08000000      0x10c
                0x08000000                        . = ALIGN (0x4)
 *(.isr_vector)
 .isr_vector    0x08000000      0x10c CMakeFiles/dfu-test.elf.dir/Core/Startup/startup_stm32f103c8tx.s.obj
                0x08000000                g_pfnVectors
                0x0800010c                        . = ALIGN (0x4)

.text           0x08000110     0xbdc0
                0x08000110                        . = ALIGN (0x4)
 *(.text)
 .text          0x08000110       0xec c:/users/public/app/mingw-w64-i686-arm-none-eabi/bin/../lib/gcc/arm-none-eabi/12.2.1/thumb/v7-m/nofp\libc.a(libc_a-memcpy.o)
                0x08000110                memcpy
 .text          0x080001fc      0x378 c:/users/public/app/mingw-w64-i686-arm-none-eabi/bin/../lib/gcc/arm-none-eabi/12.2.1/thumb/v7-m/nofp\libgcc.a(_arm_addsubdf3.o)
                0x080001fc                __aeabi_drsub
                0x08000204                __aeabi_dsub
                0x08000204                __subdf3
                0x08000208                __aeabi_dadd
                0x08000208                __adddf3
                0x08000480                __floatunsidf
                0x08000480                __aeabi_ui2d
                0x080004a0                __floatsidf
                0x080004a0                __aeabi_i2d
                0x080004c4                __aeabi_f2d
                0x080004c4                __extendsfdf2
                0x08000508                __floatundidf
                0x08000508                __aeabi_ul2d
                0x08000518                __floatdidf
                0x08000518                __aeabi_l2d
 .text          0x08000574      0x424 c:/users/public/app/mingw-w64-i686-arm-none-eabi/bin/../lib/gcc/arm-none-eabi/12.2.1/thumb/v7-m/nofp\libgcc.a(_arm_muldivdf3.o)
                0x08000574                __aeabi_dmul
                0x08000574                __muldf3
                0x080007c8                __divdf3
                0x080007c8                __aeabi_ddiv
 .text          0x08000998      0x110 c:/users/public/app/mingw-w64-i686-arm-none-eabi/bin/../lib/gcc/arm-none-eabi/12.2.1/thumb/v7-m/nofp\libgcc.a(_arm_cmpdf2.o)
                0x08000998                __gtdf2
                0x08000998                __gedf2
                0x080009a0                __ltdf2
                0x080009a0                __ledf2
                0x080009a8                __nedf2
                0x080009a8                __eqdf2
                0x080009a8                __cmpdf2
                0x08000a24                __aeabi_cdrcmple
                0x08000a34                __aeabi_cdcmpeq
                0x08000a34                __aeabi_cdcmple
                0x08000a44                __aeabi_dcmpeq
                0x08000a58                __aeabi_dcmplt
                0x08000a6c                __aeabi_dcmple
                0x08000a80                __aeabi_dcmpge
                0x08000a94                __aeabi_dcmpgt
 .text          0x08000aa8       0x2c c:/users/public/app/mingw-w64-i686-arm-none-eabi/bin/../lib/gcc/arm-none-eabi/12.2.1/thumb/v7-m/nofp\libgcc.a(_arm_unorddf2.o)
                0x08000aa8                __unorddf2
                0x08000aa8                __aeabi_dcmpun
 .text          0x08000ad4       0x50 c:/users/public/app/mingw-w64-i686-arm-none-eabi/bin/../lib/gcc/arm-none-eabi/12.2.1/thumb/v7-m/nofp\libgcc.a(_arm_fixdfsi.o)
                0x08000ad4                __aeabi_d2iz
                0x08000ad4                __fixdfsi
 *(.text*)
 .text.deregister_tm_clones
                0x08000b24       0x1c c:/users/public/app/mingw-w64-i686-arm-none-eabi/bin/../lib/gcc/arm-none-eabi/12.2.1/thumb/v7-m/nofp/crtbegin.o
 .text.register_tm_clones
                0x08000b40       0x24 c:/users/public/app/mingw-w64-i686-arm-none-eabi/bin/../lib/gcc/arm-none-eabi/12.2.1/thumb/v7-m/nofp/crtbegin.o
 .text.__do_global_dtors_aux
                0x08000b64       0x28 c:/users/public/app/mingw-w64-i686-arm-none-eabi/bin/../lib/gcc/arm-none-eabi/12.2.1/thumb/v7-m/nofp/crtbegin.o
 .text.frame_dummy
                0x08000b8c       0x24 c:/users/public/app/mingw-w64-i686-arm-none-eabi/bin/../lib/gcc/arm-none-eabi/12.2.1/thumb/v7-m/nofp/crtbegin.o
 .text.MX_DMA_Init
                0x08000bb0       0x44 CMakeFiles/dfu-test.elf.dir/Core/Src/dma.c.obj
                0x08000bb0                MX_DMA_Init
 .text.MX_GPIO_Init
                0x08000bf4       0x44 CMakeFiles/dfu-test.elf.dir/Core/Src/gpio.c.obj
                0x08000bf4                MX_GPIO_Init
 .text.Error_Handler
                0x08000c38        0x4 CMakeFiles/dfu-test.elf.dir/Core/Src/main.c.obj
                0x08000c38                Error_Handler
 .text.SystemClock_Config
                0x08000c3c       0x82 CMakeFiles/dfu-test.elf.dir/Core/Src/main.c.obj
                0x08000c3c                SystemClock_Config
 .text.main     0x08000cbe       0x20 CMakeFiles/dfu-test.elf.dir/Core/Src/main.c.obj
                0x08000cbe                main
 *fill*         0x08000cde        0x2 
 .text.HAL_MspInit
                0x08000ce0       0x44 CMakeFiles/dfu-test.elf.dir/Core/Src/stm32f1xx_hal_msp.c.obj
                0x08000ce0                HAL_MspInit
 .text.NMI_Handler
                0x08000d24        0x2 CMakeFiles/dfu-test.elf.dir/Core/Src/stm32f1xx_it.c.obj
                0x08000d24                NMI_Handler
 .text.HardFault_Handler
                0x08000d26        0x2 CMakeFiles/dfu-test.elf.dir/Core/Src/stm32f1xx_it.c.obj
                0x08000d26                HardFault_Handler
 .text.MemManage_Handler
                0x08000d28        0x2 CMakeFiles/dfu-test.elf.dir/Core/Src/stm32f1xx_it.c.obj
                0x08000d28                MemManage_Handler
 .text.BusFault_Handler
                0x08000d2a        0x2 CMakeFiles/dfu-test.elf.dir/Core/Src/stm32f1xx_it.c.obj
                0x08000d2a                BusFault_Handler
 .text.UsageFault_Handler
                0x08000d2c        0x2 CMakeFiles/dfu-test.elf.dir/Core/Src/stm32f1xx_it.c.obj
                0x08000d2c                UsageFault_Handler
 .text.SVC_Handler
                0x08000d2e        0x2 CMakeFiles/dfu-test.elf.dir/Core/Src/stm32f1xx_it.c.obj
                0x08000d2e                SVC_Handler
 .text.DebugMon_Handler
                0x08000d30        0x2 CMakeFiles/dfu-test.elf.dir/Core/Src/stm32f1xx_it.c.obj
                0x08000d30                DebugMon_Handler
 .text.PendSV_Handler
                0x08000d32        0x2 CMakeFiles/dfu-test.elf.dir/Core/Src/stm32f1xx_it.c.obj
                0x08000d32                PendSV_Handler
 .text.SysTick_Handler
                0x08000d34        0x8 CMakeFiles/dfu-test.elf.dir/Core/Src/stm32f1xx_it.c.obj
                0x08000d34                SysTick_Handler
 .text.DMA1_Channel4_IRQHandler
                0x08000d3c       0x10 CMakeFiles/dfu-test.elf.dir/Core/Src/stm32f1xx_it.c.obj
                0x08000d3c                DMA1_Channel4_IRQHandler
 .text.DMA1_Channel5_IRQHandler
                0x08000d4c       0x10 CMakeFiles/dfu-test.elf.dir/Core/Src/stm32f1xx_it.c.obj
                0x08000d4c                DMA1_Channel5_IRQHandler
 .text.USB_HP_CAN1_TX_IRQHandler
                0x08000d5c       0x10 CMakeFiles/dfu-test.elf.dir/Core/Src/stm32f1xx_it.c.obj
                0x08000d5c                USB_HP_CAN1_TX_IRQHandler
 .text.USB_LP_CAN1_RX0_IRQHandler
                0x08000d6c       0x10 CMakeFiles/dfu-test.elf.dir/Core/Src/stm32f1xx_it.c.obj
                0x08000d6c                USB_LP_CAN1_RX0_IRQHandler
 .text.USART1_IRQHandler
                0x08000d7c       0x10 CMakeFiles/dfu-test.elf.dir/Core/Src/stm32f1xx_it.c.obj
                0x08000d7c                USART1_IRQHandler
 .text._getpid  0x08000d8c        0x4 CMakeFiles/dfu-test.elf.dir/Core/Src/syscalls.c.obj
                0x08000d8c                _getpid
 .text._kill    0x08000d90       0x10 CMakeFiles/dfu-test.elf.dir/Core/Src/syscalls.c.obj
                0x08000d90                _kill
 .text._exit    0x08000da0        0xc CMakeFiles/dfu-test.elf.dir/Core/Src/syscalls.c.obj
                0x08000da0                _exit
 .text._read    0x08000dac       0x20 CMakeFiles/dfu-test.elf.dir/Core/Src/syscalls.c.obj
                0x08000dac                _read
 .text._write   0x08000dcc       0x1c CMakeFiles/dfu-test.elf.dir/Core/Src/syscalls.c.obj
                0x08000dcc                _write
 .text._close   0x08000de8        0x6 CMakeFiles/dfu-test.elf.dir/Core/Src/syscalls.c.obj
                0x08000de8                _close
 .text._fstat   0x08000dee        0xa CMakeFiles/dfu-test.elf.dir/Core/Src/syscalls.c.obj
                0x08000dee                _fstat
 .text._isatty  0x08000df8        0x4 CMakeFiles/dfu-test.elf.dir/Core/Src/syscalls.c.obj
                0x08000df8                _isatty
 .text._lseek   0x08000dfc        0x4 CMakeFiles/dfu-test.elf.dir/Core/Src/syscalls.c.obj
                0x08000dfc                _lseek
 .text._sbrk    0x08000e00       0x48 CMakeFiles/dfu-test.elf.dir/Core/Src/sysmem.c.obj
                0x08000e00                _sbrk
 .text.SystemInit
                0x08000e48        0x2 CMakeFiles/dfu-test.elf.dir/Core/Src/system_stm32f1xx.c.obj
                0x08000e48                SystemInit
 *fill*         0x08000e4a        0x2 
 .text.MX_USART1_UART_Init
                0x08000e4c       0x34 CMakeFiles/dfu-test.elf.dir/Core/Src/usart.c.obj
                0x08000e4c                MX_USART1_UART_Init
 .text.HAL_UART_MspInit
                0x08000e80       0xf0 CMakeFiles/dfu-test.elf.dir/Core/Src/usart.c.obj
                0x08000e80                HAL_UART_MspInit
 .text.Reset_Handler
                0x08000f70       0x48 CMakeFiles/dfu-test.elf.dir/Core/Startup/startup_stm32f103c8tx.s.obj
                0x08000f70                Reset_Handler
 .text.Default_Handler
                0x08000fb8        0x2 CMakeFiles/dfu-test.elf.dir/Core/Startup/startup_stm32f103c8tx.s.obj
                0x08000fb8                RTC_Alarm_IRQHandler
                0x08000fb8                EXTI2_IRQHandler
                0x08000fb8                TIM1_CC_IRQHandler
                0x08000fb8                PVD_IRQHandler
                0x08000fb8                EXTI3_IRQHandler
                0x08000fb8                EXTI0_IRQHandler
                0x08000fb8                I2C2_EV_IRQHandler
                0x08000fb8                ADC1_2_IRQHandler
                0x08000fb8                SPI1_IRQHandler
                0x08000fb8                TAMPER_IRQHandler
                0x08000fb8                USART3_IRQHandler
                0x08000fb8                RTC_IRQHandler
                0x08000fb8                DMA1_Channel7_IRQHandler
                0x08000fb8                CAN1_RX1_IRQHandler
                0x08000fb8                TIM4_IRQHandler
                0x08000fb8                I2C1_EV_IRQHandler
                0x08000fb8                DMA1_Channel6_IRQHandler
                0x08000fb8                TIM3_IRQHandler
                0x08000fb8                RCC_IRQHandler
                0x08000fb8                TIM1_TRG_COM_IRQHandler
                0x08000fb8                DMA1_Channel1_IRQHandler
                0x08000fb8                Default_Handler
                0x08000fb8                EXTI15_10_IRQHandler
                0x08000fb8                EXTI9_5_IRQHandler
                0x08000fb8                SPI2_IRQHandler
                0x08000fb8                EXTI4_IRQHandler
                0x08000fb8                DMA1_Channel3_IRQHandler
                0x08000fb8                TIM1_UP_IRQHandler
                0x08000fb8                WWDG_IRQHandler
                0x08000fb8                TIM2_IRQHandler
                0x08000fb8                TIM1_BRK_IRQHandler
                0x08000fb8                EXTI1_IRQHandler
                0x08000fb8                USART2_IRQHandler
                0x08000fb8                I2C2_ER_IRQHandler
                0x08000fb8                DMA1_Channel2_IRQHandler
                0x08000fb8                CAN1_SCE_IRQHandler
                0x08000fb8                FLASH_IRQHandler
                0x08000fb8                I2C1_ER_IRQHandler
                0x08000fb8                USBWakeUp_IRQHandler
 *fill*         0x08000fba        0x2 
 .text.HAL_InitTick
                0x08000fbc       0x4c CMakeFiles/dfu-test.elf.dir/Drivers/STM32F1xx_HAL_Driver/Src/stm32f1xx_hal.c.obj
                0x08000fbc                HAL_InitTick
 .text.HAL_Init
                0x08001008       0x24 CMakeFiles/dfu-test.elf.dir/Drivers/STM32F1xx_HAL_Driver/Src/stm32f1xx_hal.c.obj
                0x08001008                HAL_Init
 .text.HAL_IncTick
                0x0800102c       0x18 CMakeFiles/dfu-test.elf.dir/Drivers/STM32F1xx_HAL_Driver/Src/stm32f1xx_hal.c.obj
                0x0800102c                HAL_IncTick
 .text.HAL_GetTick
                0x08001044        0xc CMakeFiles/dfu-test.elf.dir/Drivers/STM32F1xx_HAL_Driver/Src/stm32f1xx_hal.c.obj
                0x08001044                HAL_GetTick
 .text.HAL_Delay
                0x08001050       0x28 CMakeFiles/dfu-test.elf.dir/Drivers/STM32F1xx_HAL_Driver/Src/stm32f1xx_hal.c.obj
                0x08001050                HAL_Delay
 .text.__NVIC_SetPriority
                0x08001078       0x28 CMakeFiles/dfu-test.elf.dir/Drivers/STM32F1xx_HAL_Driver/Src/stm32f1xx_hal_cortex.c.obj
 .text.NVIC_EncodePriority
                0x080010a0       0x3e CMakeFiles/dfu-test.elf.dir/Drivers/STM32F1xx_HAL_Driver/Src/stm32f1xx_hal_cortex.c.obj
 *fill*         0x080010de        0x2 
 .text.HAL_NVIC_SetPriorityGrouping
                0x080010e0       0x24 CMakeFiles/dfu-test.elf.dir/Drivers/STM32F1xx_HAL_Driver/Src/stm32f1xx_hal_cortex.c.obj
                0x080010e0                HAL_NVIC_SetPriorityGrouping
 .text.HAL_NVIC_SetPriority
                0x08001104       0x20 CMakeFiles/dfu-test.elf.dir/Drivers/STM32F1xx_HAL_Driver/Src/stm32f1xx_hal_cortex.c.obj
                0x08001104                HAL_NVIC_SetPriority
 .text.HAL_NVIC_EnableIRQ
                0x08001124       0x1c CMakeFiles/dfu-test.elf.dir/Drivers/STM32F1xx_HAL_Driver/Src/stm32f1xx_hal_cortex.c.obj
                0x08001124                HAL_NVIC_EnableIRQ
 .text.HAL_SYSTICK_Config
                0x08001140       0x28 CMakeFiles/dfu-test.elf.dir/Drivers/STM32F1xx_HAL_Driver/Src/stm32f1xx_hal_cortex.c.obj
                0x08001140                HAL_SYSTICK_Config
 .text.DMA_SetConfig
                0x08001168       0x2c CMakeFiles/dfu-test.elf.dir/Drivers/STM32F1xx_HAL_Driver/Src/stm32f1xx_hal_dma.c.obj
 .text.HAL_DMA_Init
                0x08001194       0x6c CMakeFiles/dfu-test.elf.dir/Drivers/STM32F1xx_HAL_Driver/Src/stm32f1xx_hal_dma.c.obj
                0x08001194                HAL_DMA_Init
 .text.HAL_DMA_Start_IT
                0x08001200       0x76 CMakeFiles/dfu-test.elf.dir/Drivers/STM32F1xx_HAL_Driver/Src/stm32f1xx_hal_dma.c.obj
                0x08001200                HAL_DMA_Start_IT
 .text.HAL_DMA_Abort
                0x08001276       0x46 CMakeFiles/dfu-test.elf.dir/Drivers/STM32F1xx_HAL_Driver/Src/stm32f1xx_hal_dma.c.obj
                0x08001276                HAL_DMA_Abort
 .text.HAL_DMA_Abort_IT
                0x080012bc       0x98 CMakeFiles/dfu-test.elf.dir/Drivers/STM32F1xx_HAL_Driver/Src/stm32f1xx_hal_dma.c.obj
                0x080012bc                HAL_DMA_Abort_IT
 .text.HAL_DMA_IRQHandler
                0x08001354      0x144 CMakeFiles/dfu-test.elf.dir/Drivers/STM32F1xx_HAL_Driver/Src/stm32f1xx_hal_dma.c.obj
                0x08001354                HAL_DMA_IRQHandler
 .text.HAL_FLASH_Unlock
                0x08001498       0x34 CMakeFiles/dfu-test.elf.dir/Drivers/STM32F1xx_HAL_Driver/Src/stm32f1xx_hal_flash.c.obj
                0x08001498                HAL_FLASH_Unlock
 .text.HAL_FLASH_Lock
                0x080014cc       0x14 CMakeFiles/dfu-test.elf.dir/Drivers/STM32F1xx_HAL_Driver/Src/stm32f1xx_hal_flash.c.obj
                0x080014cc                HAL_FLASH_Lock
 .text.HAL_GPIO_Init
                0x080014e0      0x21c CMakeFiles/dfu-test.elf.dir/Drivers/STM32F1xx_HAL_Driver/Src/stm32f1xx_hal_gpio.c.obj
                0x080014e0                HAL_GPIO_Init
 .text.HAL_PCD_EP_DB_Receive
                0x080016fc      0x11c CMakeFiles/dfu-test.elf.dir/Drivers/STM32F1xx_HAL_Driver/Src/stm32f1xx_hal_pcd.c.obj
 .text.HAL_PCD_Init
                0x08001818      0x110 CMakeFiles/dfu-test.elf.dir/Drivers/STM32F1xx_HAL_Driver/Src/stm32f1xx_hal_pcd.c.obj
                0x08001818                HAL_PCD_Init
 .text.HAL_PCD_Start
                0x08001928       0x32 CMakeFiles/dfu-test.elf.dir/Drivers/STM32F1xx_HAL_Driver/Src/stm32f1xx_hal_pcd.c.obj
                0x08001928                HAL_PCD_Start
 .text.HAL_PCD_Stop
                0x0800195a       0x32 CMakeFiles/dfu-test.elf.dir/Drivers/STM32F1xx_HAL_Driver/Src/stm32f1xx_hal_pcd.c.obj
                0x0800195a                HAL_PCD_Stop
 .text.HAL_PCD_EP_DB_Transmit
                0x0800198c      0x424 CMakeFiles/dfu-test.elf.dir/Drivers/STM32F1xx_HAL_Driver/Src/stm32f1xx_hal_pcd.c.obj
 .text.PCD_EP_ISR_Handler
                0x08001db0      0x53e CMakeFiles/dfu-test.elf.dir/Drivers/STM32F1xx_HAL_Driver/Src/stm32f1xx_hal_pcd.c.obj
 .text.HAL_PCD_SetAddress
                0x080022ee       0x28 CMakeFiles/dfu-test.elf.dir/Drivers/STM32F1xx_HAL_Driver/Src/stm32f1xx_hal_pcd.c.obj
                0x080022ee                HAL_PCD_SetAddress
 .text.HAL_PCD_IRQHandler
                0x08002316      0x1b0 CMakeFiles/dfu-test.elf.dir/Drivers/STM32F1xx_HAL_Driver/Src/stm32f1xx_hal_pcd.c.obj
                0x08002316                HAL_PCD_IRQHandler
 .text.HAL_PCD_EP_Open
                0x080024c6       0x7c CMakeFiles/dfu-test.elf.dir/Drivers/STM32F1xx_HAL_Driver/Src/stm32f1xx_hal_pcd.c.obj
                0x080024c6                HAL_PCD_EP_Open
 .text.HAL_PCD_EP_Receive
                0x08002542       0x3a CMakeFiles/dfu-test.elf.dir/Drivers/STM32F1xx_HAL_Driver/Src/stm32f1xx_hal_pcd.c.obj
                0x08002542                HAL_PCD_EP_Receive
 .text.HAL_PCD_EP_Transmit
                0x0800257c       0x44 CMakeFiles/dfu-test.elf.dir/Drivers/STM32F1xx_HAL_Driver/Src/stm32f1xx_hal_pcd.c.obj
                0x0800257c                HAL_PCD_EP_Transmit
 .text.HAL_PCD_EP_SetStall
                0x080025c0       0x78 CMakeFiles/dfu-test.elf.dir/Drivers/STM32F1xx_HAL_Driver/Src/stm32f1xx_hal_pcd.c.obj
                0x080025c0                HAL_PCD_EP_SetStall
 .text.HAL_PCD_EP_ClrStall
                0x08002638       0x76 CMakeFiles/dfu-test.elf.dir/Drivers/STM32F1xx_HAL_Driver/Src/stm32f1xx_hal_pcd.c.obj
                0x08002638                HAL_PCD_EP_ClrStall
 .text.HAL_PCDEx_PMAConfig
                0x080026ae       0x38 CMakeFiles/dfu-test.elf.dir/Drivers/STM32F1xx_HAL_Driver/Src/stm32f1xx_hal_pcd_ex.c.obj
                0x080026ae                HAL_PCDEx_PMAConfig
 *fill*         0x080026e6        0x2 
 .text.RCC_Delay
                0x080026e8       0x2c CMakeFiles/dfu-test.elf.dir/Drivers/STM32F1xx_HAL_Driver/Src/stm32f1xx_hal_rcc.c.obj
 .text.HAL_RCC_OscConfig
                0x08002714      0x410 CMakeFiles/dfu-test.elf.dir/Drivers/STM32F1xx_HAL_Driver/Src/stm32f1xx_hal_rcc.c.obj
                0x08002714                HAL_RCC_OscConfig
 .text.HAL_RCC_GetSysClockFreq
                0x08002b24       0x54 CMakeFiles/dfu-test.elf.dir/Drivers/STM32F1xx_HAL_Driver/Src/stm32f1xx_hal_rcc.c.obj
                0x08002b24                HAL_RCC_GetSysClockFreq
 .text.HAL_RCC_ClockConfig
                0x08002b78      0x16c CMakeFiles/dfu-test.elf.dir/Drivers/STM32F1xx_HAL_Driver/Src/stm32f1xx_hal_rcc.c.obj
                0x08002b78                HAL_RCC_ClockConfig
 .text.HAL_RCC_GetHCLKFreq
                0x08002ce4        0xc CMakeFiles/dfu-test.elf.dir/Drivers/STM32F1xx_HAL_Driver/Src/stm32f1xx_hal_rcc.c.obj
                0x08002ce4                HAL_RCC_GetHCLKFreq
 .text.HAL_RCC_GetPCLK1Freq
                0x08002cf0       0x20 CMakeFiles/dfu-test.elf.dir/Drivers/STM32F1xx_HAL_Driver/Src/stm32f1xx_hal_rcc.c.obj
                0x08002cf0                HAL_RCC_GetPCLK1Freq
 .text.HAL_RCC_GetPCLK2Freq
                0x08002d10       0x20 CMakeFiles/dfu-test.elf.dir/Drivers/STM32F1xx_HAL_Driver/Src/stm32f1xx_hal_rcc.c.obj
                0x08002d10                HAL_RCC_GetPCLK2Freq
 .text.HAL_RCCEx_PeriphCLKConfig
                0x08002d30      0x118 CMakeFiles/dfu-test.elf.dir/Drivers/STM32F1xx_HAL_Driver/Src/stm32f1xx_hal_rcc_ex.c.obj
                0x08002d30                HAL_RCCEx_PeriphCLKConfig
 .text.UART_EndTxTransfer
                0x08002e48       0x20 CMakeFiles/dfu-test.elf.dir/Drivers/STM32F1xx_HAL_Driver/Src/stm32f1xx_hal_uart.c.obj
 .text.UART_EndRxTransfer
                0x08002e68       0x5c CMakeFiles/dfu-test.elf.dir/Drivers/STM32F1xx_HAL_Driver/Src/stm32f1xx_hal_uart.c.obj
 .text.UART_Transmit_IT
                0x08002ec4       0x60 CMakeFiles/dfu-test.elf.dir/Drivers/STM32F1xx_HAL_Driver/Src/stm32f1xx_hal_uart.c.obj
 .text.UART_SetConfig
                0x08002f24       0x94 CMakeFiles/dfu-test.elf.dir/Drivers/STM32F1xx_HAL_Driver/Src/stm32f1xx_hal_uart.c.obj
 .text.UART_WaitOnFlagUntilTimeout
                0x08002fb8       0x84 CMakeFiles/dfu-test.elf.dir/Drivers/STM32F1xx_HAL_Driver/Src/stm32f1xx_hal_uart.c.obj
 .text.HAL_UART_Init
                0x0800303c       0x60 CMakeFiles/dfu-test.elf.dir/Drivers/STM32F1xx_HAL_Driver/Src/stm32f1xx_hal_uart.c.obj
                0x0800303c                HAL_UART_Init
 .text.HAL_UART_Receive
                0x0800309c       0xca CMakeFiles/dfu-test.elf.dir/Drivers/STM32F1xx_HAL_Driver/Src/stm32f1xx_hal_uart.c.obj
                0x0800309c                HAL_UART_Receive
 *fill*         0x08003166        0x2 
 .text.HAL_UART_Transmit_DMA
                0x08003168       0x84 CMakeFiles/dfu-test.elf.dir/Drivers/STM32F1xx_HAL_Driver/Src/stm32f1xx_hal_uart.c.obj
                0x08003168                HAL_UART_Transmit_DMA
 .text.HAL_UART_TxCpltCallback
                0x080031ec        0x2 CMakeFiles/dfu-test.elf.dir/Drivers/STM32F1xx_HAL_Driver/Src/stm32f1xx_hal_uart.c.obj
                0x080031ec                HAL_UART_TxCpltCallback
 .text.UART_DMATransmitCplt
                0x080031ee       0x4c CMakeFiles/dfu-test.elf.dir/Drivers/STM32F1xx_HAL_Driver/Src/stm32f1xx_hal_uart.c.obj
 .text.UART_EndTransmit_IT
                0x0800323a       0x1a CMakeFiles/dfu-test.elf.dir/Drivers/STM32F1xx_HAL_Driver/Src/stm32f1xx_hal_uart.c.obj
 .text.HAL_UART_TxHalfCpltCallback
                0x08003254        0x2 CMakeFiles/dfu-test.elf.dir/Drivers/STM32F1xx_HAL_Driver/Src/stm32f1xx_hal_uart.c.obj
                0x08003254                HAL_UART_TxHalfCpltCallback
 .text.UART_DMATxHalfCplt
                0x08003256        0xa CMakeFiles/dfu-test.elf.dir/Drivers/STM32F1xx_HAL_Driver/Src/stm32f1xx_hal_uart.c.obj
 .text.HAL_UART_RxCpltCallback
                0x08003260        0x2 CMakeFiles/dfu-test.elf.dir/Drivers/STM32F1xx_HAL_Driver/Src/stm32f1xx_hal_uart.c.obj
                0x08003260                HAL_UART_RxCpltCallback
 .text.HAL_UART_ErrorCallback
                0x08003262        0x2 CMakeFiles/dfu-test.elf.dir/Drivers/STM32F1xx_HAL_Driver/Src/stm32f1xx_hal_uart.c.obj
                0x08003262                HAL_UART_ErrorCallback
 .text.UART_DMAError
                0x08003264       0x58 CMakeFiles/dfu-test.elf.dir/Drivers/STM32F1xx_HAL_Driver/Src/stm32f1xx_hal_uart.c.obj
 .text.UART_DMAAbortOnError
                0x080032bc       0x10 CMakeFiles/dfu-test.elf.dir/Drivers/STM32F1xx_HAL_Driver/Src/stm32f1xx_hal_uart.c.obj
 .text.UART_Receive_IT
                0x080032cc       0xe6 CMakeFiles/dfu-test.elf.dir/Drivers/STM32F1xx_HAL_Driver/Src/stm32f1xx_hal_uart.c.obj
 *fill*         0x080033b2        0x2 
 .text.HAL_UART_IRQHandler
                0x080033b4      0x284 CMakeFiles/dfu-test.elf.dir/Drivers/STM32F1xx_HAL_Driver/Src/stm32f1xx_hal_uart.c.obj
                0x080033b4                HAL_UART_IRQHandler
 .text.UART_Start_Receive_IT
                0x08003638       0x36 CMakeFiles/dfu-test.elf.dir/Drivers/STM32F1xx_HAL_Driver/Src/stm32f1xx_hal_uart.c.obj
                0x08003638                UART_Start_Receive_IT
 .text.HAL_UARTEx_ReceiveToIdle_IT
                0x0800366e       0x66 CMakeFiles/dfu-test.elf.dir/Drivers/STM32F1xx_HAL_Driver/Src/stm32f1xx_hal_uart.c.obj
                0x0800366e                HAL_UARTEx_ReceiveToIdle_IT
 .text.USB_CoreInit
                0x080036d4        0xe CMakeFiles/dfu-test.elf.dir/Drivers/STM32F1xx_HAL_Driver/Src/stm32f1xx_ll_usb.c.obj
                0x080036d4                USB_CoreInit
 .text.USB_EnableGlobalInt
                0x080036e2       0x12 CMakeFiles/dfu-test.elf.dir/Drivers/STM32F1xx_HAL_Driver/Src/stm32f1xx_ll_usb.c.obj
                0x080036e2                USB_EnableGlobalInt
 .text.USB_DisableGlobalInt
                0x080036f4       0x14 CMakeFiles/dfu-test.elf.dir/Drivers/STM32F1xx_HAL_Driver/Src/stm32f1xx_ll_usb.c.obj
                0x080036f4                USB_DisableGlobalInt
 .text.USB_SetCurrentMode
                0x08003708        0x4 CMakeFiles/dfu-test.elf.dir/Drivers/STM32F1xx_HAL_Driver/Src/stm32f1xx_ll_usb.c.obj
                0x08003708                USB_SetCurrentMode
 .text.USB_DevInit
                0x0800370c       0x22 CMakeFiles/dfu-test.elf.dir/Drivers/STM32F1xx_HAL_Driver/Src/stm32f1xx_ll_usb.c.obj
                0x0800370c                USB_DevInit
 .text.USB_ActivateEndpoint
                0x0800372e      0x3ca CMakeFiles/dfu-test.elf.dir/Drivers/STM32F1xx_HAL_Driver/Src/stm32f1xx_ll_usb.c.obj
                0x0800372e                USB_ActivateEndpoint
 .text.USB_EPSetStall
                0x08003af8       0x4a CMakeFiles/dfu-test.elf.dir/Drivers/STM32F1xx_HAL_Driver/Src/stm32f1xx_ll_usb.c.obj
                0x08003af8                USB_EPSetStall
 .text.USB_EPClearStall
                0x08003b42       0xa2 CMakeFiles/dfu-test.elf.dir/Drivers/STM32F1xx_HAL_Driver/Src/stm32f1xx_ll_usb.c.obj
                0x08003b42                USB_EPClearStall
 .text.USB_SetDevAddress
                0x08003be4        0xc CMakeFiles/dfu-test.elf.dir/Drivers/STM32F1xx_HAL_Driver/Src/stm32f1xx_ll_usb.c.obj
                0x08003be4                USB_SetDevAddress
 .text.USB_DevConnect
                0x08003bf0        0x4 CMakeFiles/dfu-test.elf.dir/Drivers/STM32F1xx_HAL_Driver/Src/stm32f1xx_ll_usb.c.obj
                0x08003bf0                USB_DevConnect
 .text.USB_DevDisconnect
                0x08003bf4        0x4 CMakeFiles/dfu-test.elf.dir/Drivers/STM32F1xx_HAL_Driver/Src/stm32f1xx_ll_usb.c.obj
                0x08003bf4                USB_DevDisconnect
 .text.USB_ReadInterrupts
                0x08003bf8        0x8 CMakeFiles/dfu-test.elf.dir/Drivers/STM32F1xx_HAL_Driver/Src/stm32f1xx_ll_usb.c.obj
                0x08003bf8                USB_ReadInterrupts
 .text.USB_EP0_OutStart
                0x08003c00        0x4 CMakeFiles/dfu-test.elf.dir/Drivers/STM32F1xx_HAL_Driver/Src/stm32f1xx_ll_usb.c.obj
                0x08003c00                USB_EP0_OutStart
 .text.USB_WritePMA
                0x08003c04       0x26 CMakeFiles/dfu-test.elf.dir/Drivers/STM32F1xx_HAL_Driver/Src/stm32f1xx_ll_usb.c.obj
                0x08003c04                USB_WritePMA
 .text.USB_EPStartXfer
                0x08003c2a      0x7ce CMakeFiles/dfu-test.elf.dir/Drivers/STM32F1xx_HAL_Driver/Src/stm32f1xx_ll_usb.c.obj
                0x08003c2a                USB_EPStartXfer
 .text.USB_ReadPMA
                0x080043f8       0x30 CMakeFiles/dfu-test.elf.dir/Drivers/STM32F1xx_HAL_Driver/Src/stm32f1xx_ll_usb.c.obj
                0x080043f8                USB_ReadPMA
 .text.__NVIC_SystemReset
                0x08004428       0x24 CMakeFiles/dfu-test.elf.dir/Middlewares/ST/STM32_USB_Device_Library/Class/DFU/Src/usbd_dfu.c.obj
 .text.USBD_DFU_GetCfgDesc
                0x0800444c        0xc CMakeFiles/dfu-test.elf.dir/Middlewares/ST/STM32_USB_Device_Library/Class/DFU/Src/usbd_dfu.c.obj
 .text.USBD_DFU_DataIn
                0x08004458        0x4 CMakeFiles/dfu-test.elf.dir/Middlewares/ST/STM32_USB_Device_Library/Class/DFU/Src/usbd_dfu.c.obj
 .text.USBD_DFU_EP0_RxReady
                0x0800445c        0x4 CMakeFiles/dfu-test.elf.dir/Middlewares/ST/STM32_USB_Device_Library/Class/DFU/Src/usbd_dfu.c.obj
 .text.USBD_DFU_SOF
                0x08004460        0x4 CMakeFiles/dfu-test.elf.dir/Middlewares/ST/STM32_USB_Device_Library/Class/DFU/Src/usbd_dfu.c.obj
 .text.USBD_DFU_IsoINIncomplete
                0x08004464        0x4 CMakeFiles/dfu-test.elf.dir/Middlewares/ST/STM32_USB_Device_Library/Class/DFU/Src/usbd_dfu.c.obj
 .text.USBD_DFU_IsoOutIncomplete
                0x08004468        0x4 CMakeFiles/dfu-test.elf.dir/Middlewares/ST/STM32_USB_Device_Library/Class/DFU/Src/usbd_dfu.c.obj
 .text.USBD_DFU_DataOut
                0x0800446c        0x4 CMakeFiles/dfu-test.elf.dir/Middlewares/ST/STM32_USB_Device_Library/Class/DFU/Src/usbd_dfu.c.obj
 .text.USBD_DFU_GetDeviceQualifierDesc
                0x08004470        0xc CMakeFiles/dfu-test.elf.dir/Middlewares/ST/STM32_USB_Device_Library/Class/DFU/Src/usbd_dfu.c.obj
 .text.DFU_ClearStatus
                0x0800447c       0x52 CMakeFiles/dfu-test.elf.dir/Middlewares/ST/STM32_USB_Device_Library/Class/DFU/Src/usbd_dfu.c.obj
 .text.DFU_Abort
                0x080044ce       0x46 CMakeFiles/dfu-test.elf.dir/Middlewares/ST/STM32_USB_Device_Library/Class/DFU/Src/usbd_dfu.c.obj
 .text.USBD_DFU_GetUsrStringDesc
                0x08004514       0x20 CMakeFiles/dfu-test.elf.dir/Middlewares/ST/STM32_USB_Device_Library/Class/DFU/Src/usbd_dfu.c.obj
 .text.DFU_Leave
                0x08004534       0x60 CMakeFiles/dfu-test.elf.dir/Middlewares/ST/STM32_USB_Device_Library/Class/DFU/Src/usbd_dfu.c.obj
 .text.USBD_DFU_EP0_TxReady
                0x08004594      0x108 CMakeFiles/dfu-test.elf.dir/Middlewares/ST/STM32_USB_Device_Library/Class/DFU/Src/usbd_dfu.c.obj
 .text.DFU_Upload
                0x0800469c       0xe6 CMakeFiles/dfu-test.elf.dir/Middlewares/ST/STM32_USB_Device_Library/Class/DFU/Src/usbd_dfu.c.obj
 *fill*         0x08004782        0x2 
 .text.DFU_GetStatus
                0x08004784       0xe0 CMakeFiles/dfu-test.elf.dir/Middlewares/ST/STM32_USB_Device_Library/Class/DFU/Src/usbd_dfu.c.obj
 .text.DFU_GetState
                0x08004864       0x12 CMakeFiles/dfu-test.elf.dir/Middlewares/ST/STM32_USB_Device_Library/Class/DFU/Src/usbd_dfu.c.obj
 .text.DFU_Download
                0x08004876       0x6c CMakeFiles/dfu-test.elf.dir/Middlewares/ST/STM32_USB_Device_Library/Class/DFU/Src/usbd_dfu.c.obj
 *fill*         0x080048e2        0x2 
 .text.DFU_Detach
                0x080048e4       0x6c CMakeFiles/dfu-test.elf.dir/Middlewares/ST/STM32_USB_Device_Library/Class/DFU/Src/usbd_dfu.c.obj
 .text.USBD_DFU_Setup
                0x08004950      0x114 CMakeFiles/dfu-test.elf.dir/Middlewares/ST/STM32_USB_Device_Library/Class/DFU/Src/usbd_dfu.c.obj
 .text.USBD_DFU_DeInit
                0x08004a64       0x44 CMakeFiles/dfu-test.elf.dir/Middlewares/ST/STM32_USB_Device_Library/Class/DFU/Src/usbd_dfu.c.obj
 .text.USBD_DFU_Init
                0x08004aa8       0x5e CMakeFiles/dfu-test.elf.dir/Middlewares/ST/STM32_USB_Device_Library/Class/DFU/Src/usbd_dfu.c.obj
 .text.USBD_DFU_RegisterMedia
                0x08004b06        0xa CMakeFiles/dfu-test.elf.dir/Middlewares/ST/STM32_USB_Device_Library/Class/DFU/Src/usbd_dfu.c.obj
                0x08004b06                USBD_DFU_RegisterMedia
 .text.USBD_Init
                0x08004b10       0x2e CMakeFiles/dfu-test.elf.dir/Middlewares/ST/STM32_USB_Device_Library/Core/Src/usbd_core.c.obj
                0x08004b10                USBD_Init
 .text.USBD_RegisterClass
                0x08004b3e        0xe CMakeFiles/dfu-test.elf.dir/Middlewares/ST/STM32_USB_Device_Library/Core/Src/usbd_core.c.obj
                0x08004b3e                USBD_RegisterClass
 .text.USBD_Start
                0x08004b4c        0xa CMakeFiles/dfu-test.elf.dir/Middlewares/ST/STM32_USB_Device_Library/Core/Src/usbd_core.c.obj
                0x08004b4c                USBD_Start
 .text.USBD_Stop
                0x08004b56       0x18 CMakeFiles/dfu-test.elf.dir/Middlewares/ST/STM32_USB_Device_Library/Core/Src/usbd_core.c.obj
                0x08004b56                USBD_Stop
 .text.USBD_SetClassConfig
                0x08004b6e       0x18 CMakeFiles/dfu-test.elf.dir/Middlewares/ST/STM32_USB_Device_Library/Core/Src/usbd_core.c.obj
                0x08004b6e                USBD_SetClassConfig
 .text.USBD_ClrClassConfig
                0x08004b86        0xe CMakeFiles/dfu-test.elf.dir/Middlewares/ST/STM32_USB_Device_Library/Core/Src/usbd_core.c.obj
                0x08004b86                USBD_ClrClassConfig
 .text.USBD_LL_SetupStage
                0x08004b94       0x5a CMakeFiles/dfu-test.elf.dir/Middlewares/ST/STM32_USB_Device_Library/Core/Src/usbd_core.c.obj
                0x08004b94                USBD_LL_SetupStage
 .text.USBD_LL_DataOutStage
                0x08004bee       0x8c CMakeFiles/dfu-test.elf.dir/Middlewares/ST/STM32_USB_Device_Library/Core/Src/usbd_core.c.obj
                0x08004bee                USBD_LL_DataOutStage
 .text.USBD_LL_DataInStage
                0x08004c7a       0xd0 CMakeFiles/dfu-test.elf.dir/Middlewares/ST/STM32_USB_Device_Library/Core/Src/usbd_core.c.obj
                0x08004c7a                USBD_LL_DataInStage
 .text.USBD_LL_Reset
                0x08004d4a       0x50 CMakeFiles/dfu-test.elf.dir/Middlewares/ST/STM32_USB_Device_Library/Core/Src/usbd_core.c.obj
                0x08004d4a                USBD_LL_Reset
 .text.USBD_LL_SetSpeed
                0x08004d9a        0x6 CMakeFiles/dfu-test.elf.dir/Middlewares/ST/STM32_USB_Device_Library/Core/Src/usbd_core.c.obj
                0x08004d9a                USBD_LL_SetSpeed
 .text.USBD_LL_Suspend
                0x08004da0       0x12 CMakeFiles/dfu-test.elf.dir/Middlewares/ST/STM32_USB_Device_Library/Core/Src/usbd_core.c.obj
                0x08004da0                USBD_LL_Suspend
 .text.USBD_LL_Resume
                0x08004db2       0x16 CMakeFiles/dfu-test.elf.dir/Middlewares/ST/STM32_USB_Device_Library/Core/Src/usbd_core.c.obj
                0x08004db2                USBD_LL_Resume
 .text.USBD_LL_SOF
                0x08004dc8       0x1c CMakeFiles/dfu-test.elf.dir/Middlewares/ST/STM32_USB_Device_Library/Core/Src/usbd_core.c.obj
                0x08004dc8                USBD_LL_SOF
 .text.USBD_GetLen
                0x08004de4       0x14 CMakeFiles/dfu-test.elf.dir/Middlewares/ST/STM32_USB_Device_Library/Core/Src/usbd_ctlreq.c.obj
 .text.USBD_SetFeature
                0x08004df8       0x14 CMakeFiles/dfu-test.elf.dir/Middlewares/ST/STM32_USB_Device_Library/Core/Src/usbd_ctlreq.c.obj
 .text.USBD_ParseSetupRequest
                0x08004e0c       0x28 CMakeFiles/dfu-test.elf.dir/Middlewares/ST/STM32_USB_Device_Library/Core/Src/usbd_ctlreq.c.obj
                0x08004e0c                USBD_ParseSetupRequest
 .text.USBD_CtlError
                0x08004e34       0x14 CMakeFiles/dfu-test.elf.dir/Middlewares/ST/STM32_USB_Device_Library/Core/Src/usbd_ctlreq.c.obj
                0x08004e34                USBD_CtlError
 .text.USBD_GetDescriptor
                0x08004e48      0x196 CMakeFiles/dfu-test.elf.dir/Middlewares/ST/STM32_USB_Device_Library/Core/Src/usbd_ctlreq.c.obj
 .text.USBD_SetAddress
                0x08004fde       0x4e CMakeFiles/dfu-test.elf.dir/Middlewares/ST/STM32_USB_Device_Library/Core/Src/usbd_ctlreq.c.obj
 .text.USBD_SetConfig
                0x0800502c       0xb0 CMakeFiles/dfu-test.elf.dir/Middlewares/ST/STM32_USB_Device_Library/Core/Src/usbd_ctlreq.c.obj
 .text.USBD_GetConfig
                0x080050dc       0x3e CMakeFiles/dfu-test.elf.dir/Middlewares/ST/STM32_USB_Device_Library/Core/Src/usbd_ctlreq.c.obj
 .text.USBD_GetStatus
                0x0800511a       0x38 CMakeFiles/dfu-test.elf.dir/Middlewares/ST/STM32_USB_Device_Library/Core/Src/usbd_ctlreq.c.obj
 .text.USBD_ClrFeature
                0x08005152       0x26 CMakeFiles/dfu-test.elf.dir/Middlewares/ST/STM32_USB_Device_Library/Core/Src/usbd_ctlreq.c.obj
 .text.USBD_StdDevReq
                0x08005178       0x68 CMakeFiles/dfu-test.elf.dir/Middlewares/ST/STM32_USB_Device_Library/Core/Src/usbd_ctlreq.c.obj
                0x08005178                USBD_StdDevReq
 .text.USBD_StdItfReq
                0x080051e0       0x60 CMakeFiles/dfu-test.elf.dir/Middlewares/ST/STM32_USB_Device_Library/Core/Src/usbd_ctlreq.c.obj
                0x080051e0                USBD_StdItfReq
 .text.USBD_StdEPReq
                0x08005240      0x1e2 CMakeFiles/dfu-test.elf.dir/Middlewares/ST/STM32_USB_Device_Library/Core/Src/usbd_ctlreq.c.obj
                0x08005240                USBD_StdEPReq
 .text.USBD_GetString
                0x08005422       0x3a CMakeFiles/dfu-test.elf.dir/Middlewares/ST/STM32_USB_Device_Library/Core/Src/usbd_ctlreq.c.obj
                0x08005422                USBD_GetString
 .text.USBD_CtlSendData
                0x0800545c       0x1a CMakeFiles/dfu-test.elf.dir/Middlewares/ST/STM32_USB_Device_Library/Core/Src/usbd_ioreq.c.obj
                0x0800545c                USBD_CtlSendData
 .text.USBD_CtlContinueSendData
                0x08005476       0x10 CMakeFiles/dfu-test.elf.dir/Middlewares/ST/STM32_USB_Device_Library/Core/Src/usbd_ioreq.c.obj
                0x08005476                USBD_CtlContinueSendData
 .text.USBD_CtlPrepareRx
                0x08005486       0x1e CMakeFiles/dfu-test.elf.dir/Middlewares/ST/STM32_USB_Device_Library/Core/Src/usbd_ioreq.c.obj
                0x08005486                USBD_CtlPrepareRx
 .text.USBD_CtlContinueRx
                0x080054a4       0x10 CMakeFiles/dfu-test.elf.dir/Middlewares/ST/STM32_USB_Device_Library/Core/Src/usbd_ioreq.c.obj
                0x080054a4                USBD_CtlContinueRx
 .text.USBD_CtlSendStatus
                0x080054b4       0x16 CMakeFiles/dfu-test.elf.dir/Middlewares/ST/STM32_USB_Device_Library/Core/Src/usbd_ioreq.c.obj
                0x080054b4                USBD_CtlSendStatus
 .text.USBD_CtlReceiveStatus
                0x080054ca       0x16 CMakeFiles/dfu-test.elf.dir/Middlewares/ST/STM32_USB_Device_Library/Core/Src/usbd_ioreq.c.obj
                0x080054ca                USBD_CtlReceiveStatus
 .text.MX_USB_DEVICE_Init
                0x080054e0       0x54 CMakeFiles/dfu-test.elf.dir/USB_DEVICE/App/usb_device.c.obj
                0x080054e0                MX_USB_DEVICE_Init
 .text.USBD_FS_DeviceDescriptor
                0x08005534        0xc CMakeFiles/dfu-test.elf.dir/USB_DEVICE/App/usbd_desc.c.obj
                0x08005534                USBD_FS_DeviceDescriptor
 .text.USBD_FS_LangIDStrDescriptor
                0x08005540        0xc CMakeFiles/dfu-test.elf.dir/USB_DEVICE/App/usbd_desc.c.obj
                0x08005540                USBD_FS_LangIDStrDescriptor
 .text.IntToUnicode
                0x0800554c       0x46 CMakeFiles/dfu-test.elf.dir/USB_DEVICE/App/usbd_desc.c.obj
 *fill*         0x08005592        0x2 
 .text.Get_SerialNum
                0x08005594       0x38 CMakeFiles/dfu-test.elf.dir/USB_DEVICE/App/usbd_desc.c.obj
 .text.USBD_FS_SerialStrDescriptor
                0x080055cc       0x14 CMakeFiles/dfu-test.elf.dir/USB_DEVICE/App/usbd_desc.c.obj
                0x080055cc                USBD_FS_SerialStrDescriptor
 .text.USBD_FS_ProductStrDescriptor
                0x080055e0       0x24 CMakeFiles/dfu-test.elf.dir/USB_DEVICE/App/usbd_desc.c.obj
                0x080055e0                USBD_FS_ProductStrDescriptor
 .text.USBD_FS_ManufacturerStrDescriptor
                0x08005604       0x1c CMakeFiles/dfu-test.elf.dir/USB_DEVICE/App/usbd_desc.c.obj
                0x08005604                USBD_FS_ManufacturerStrDescriptor
 .text.USBD_FS_ConfigStrDescriptor
                0x08005620       0x24 CMakeFiles/dfu-test.elf.dir/USB_DEVICE/App/usbd_desc.c.obj
                0x08005620                USBD_FS_ConfigStrDescriptor
 .text.USBD_FS_InterfaceStrDescriptor
                0x08005644       0x24 CMakeFiles/dfu-test.elf.dir/USB_DEVICE/App/usbd_desc.c.obj
                0x08005644                USBD_FS_InterfaceStrDescriptor
 .text.MEM_If_Erase_FS
                0x08005668        0x4 CMakeFiles/dfu-test.elf.dir/USB_DEVICE/App/usbd_dfu_if.c.obj
 .text.MEM_If_Write_FS
                0x0800566c        0x4 CMakeFiles/dfu-test.elf.dir/USB_DEVICE/App/usbd_dfu_if.c.obj
 .text.MEM_If_Read_FS
                0x08005670        0x4 CMakeFiles/dfu-test.elf.dir/USB_DEVICE/App/usbd_dfu_if.c.obj
 .text.MEM_If_GetStatus_FS
                0x08005674        0x4 CMakeFiles/dfu-test.elf.dir/USB_DEVICE/App/usbd_dfu_if.c.obj
 .text.MEM_If_DeInit_FS
                0x08005678        0xa CMakeFiles/dfu-test.elf.dir/USB_DEVICE/App/usbd_dfu_if.c.obj
 .text.MEM_If_Init_FS
                0x08005682        0xa CMakeFiles/dfu-test.elf.dir/USB_DEVICE/App/usbd_dfu_if.c.obj
 .text.USBD_Get_USB_Status
                0x0800568c       0x14 CMakeFiles/dfu-test.elf.dir/USB_DEVICE/Target/usbd_conf.c.obj
 .text.HAL_PCD_MspInit
                0x080056a0       0x50 CMakeFiles/dfu-test.elf.dir/USB_DEVICE/Target/usbd_conf.c.obj
                0x080056a0                HAL_PCD_MspInit
 .text.HAL_PCD_SetupStageCallback
                0x080056f0       0x10 CMakeFiles/dfu-test.elf.dir/USB_DEVICE/Target/usbd_conf.c.obj
                0x080056f0                HAL_PCD_SetupStageCallback
 .text.HAL_PCD_DataOutStageCallback
                0x08005700       0x18 CMakeFiles/dfu-test.elf.dir/USB_DEVICE/Target/usbd_conf.c.obj
                0x08005700                HAL_PCD_DataOutStageCallback
 .text.HAL_PCD_DataInStageCallback
                0x08005718       0x16 CMakeFiles/dfu-test.elf.dir/USB_DEVICE/Target/usbd_conf.c.obj
                0x08005718                HAL_PCD_DataInStageCallback
 .text.HAL_PCD_SOFCallback
                0x0800572e        0xc CMakeFiles/dfu-test.elf.dir/USB_DEVICE/Target/usbd_conf.c.obj
                0x0800572e                HAL_PCD_SOFCallback
 .text.HAL_PCD_ResetCallback
                0x0800573a       0x24 CMakeFiles/dfu-test.elf.dir/USB_DEVICE/Target/usbd_conf.c.obj
                0x0800573a                HAL_PCD_ResetCallback
 *fill*         0x0800575e        0x2 
 .text.HAL_PCD_SuspendCallback
                0x08005760       0x20 CMakeFiles/dfu-test.elf.dir/USB_DEVICE/Target/usbd_conf.c.obj
                0x08005760                HAL_PCD_SuspendCallback
 .text.HAL_PCD_ResumeCallback
                0x08005780        0xc CMakeFiles/dfu-test.elf.dir/USB_DEVICE/Target/usbd_conf.c.obj
                0x08005780                HAL_PCD_ResumeCallback
 .text.USBD_LL_Init
                0x0800578c       0x58 CMakeFiles/dfu-test.elf.dir/USB_DEVICE/Target/usbd_conf.c.obj
                0x0800578c                USBD_LL_Init
 .text.USBD_LL_Start
                0x080057e4       0x10 CMakeFiles/dfu-test.elf.dir/USB_DEVICE/Target/usbd_conf.c.obj
                0x080057e4                USBD_LL_Start
 .text.USBD_LL_Stop
                0x080057f4       0x10 CMakeFiles/dfu-test.elf.dir/USB_DEVICE/Target/usbd_conf.c.obj
                0x080057f4                USBD_LL_Stop
 .text.USBD_LL_OpenEP
                0x08005804       0x16 CMakeFiles/dfu-test.elf.dir/USB_DEVICE/Target/usbd_conf.c.obj
                0x08005804                USBD_LL_OpenEP
 .text.USBD_LL_StallEP
                0x0800581a       0x10 CMakeFiles/dfu-test.elf.dir/USB_DEVICE/Target/usbd_conf.c.obj
                0x0800581a                USBD_LL_StallEP
 .text.USBD_LL_ClearStallEP
                0x0800582a       0x10 CMakeFiles/dfu-test.elf.dir/USB_DEVICE/Target/usbd_conf.c.obj
                0x0800582a                USBD_LL_ClearStallEP
 .text.USBD_LL_IsStallEP
                0x0800583a       0x2e CMakeFiles/dfu-test.elf.dir/USB_DEVICE/Target/usbd_conf.c.obj
                0x0800583a                USBD_LL_IsStallEP
 .text.USBD_LL_SetUSBAddress
                0x08005868       0x10 CMakeFiles/dfu-test.elf.dir/USB_DEVICE/Target/usbd_conf.c.obj
                0x08005868                USBD_LL_SetUSBAddress
 .text.USBD_LL_Transmit
                0x08005878       0x10 CMakeFiles/dfu-test.elf.dir/USB_DEVICE/Target/usbd_conf.c.obj
                0x08005878                USBD_LL_Transmit
 .text.USBD_LL_PrepareReceive
                0x08005888       0x10 CMakeFiles/dfu-test.elf.dir/USB_DEVICE/Target/usbd_conf.c.obj
                0x08005888                USBD_LL_PrepareReceive
 .text.USBD_static_malloc
                0x08005898        0x8 CMakeFiles/dfu-test.elf.dir/USB_DEVICE/Target/usbd_conf.c.obj
                0x08005898                USBD_static_malloc
 .text.USBD_static_free
                0x080058a0        0x2 CMakeFiles/dfu-test.elf.dir/USB_DEVICE/Target/usbd_conf.c.obj
                0x080058a0                USBD_static_free
 .text.HAL_PCDEx_SetConnectionState
                0x080058a2        0x2 CMakeFiles/dfu-test.elf.dir/USB_DEVICE/Target/usbd_conf.c.obj
                0x080058a2                HAL_PCDEx_SetConnectionState
 .text.receive_slot_uart
                0x080058a4       0x44 CMakeFiles/dfu-test.elf.dir/User_App/Main.c.obj
                0x080058a4                receive_slot_uart
 .text.Main     0x080058e8       0x5c CMakeFiles/dfu-test.elf.dir/User_App/Main.c.obj
                0x080058e8                Main
 .text.com_init
                0x08005944       0x38 CMakeFiles/dfu-test.elf.dir/User_App/com/com_buffer.c.obj
                0x08005944                com_init
 .text.com_transmit
                0x0800597c       0x14 CMakeFiles/dfu-test.elf.dir/User_App/com/com_buffer.c.obj
                0x0800597c                com_transmit
 .text.com_open_receive
                0x08005990       0x32 CMakeFiles/dfu-test.elf.dir/User_App/com/com_buffer.c.obj
                0x08005990                com_open_receive
 .text.com_irq_callback
                0x080059c2       0x26 CMakeFiles/dfu-test.elf.dir/User_App/com/com_buffer.c.obj
                0x080059c2                com_irq_callback
 .text.com_set_receive_callback
                0x080059e8        0x6 CMakeFiles/dfu-test.elf.dir/User_App/com/com_buffer.c.obj
                0x080059e8                com_set_receive_callback
 *fill*         0x080059ee        0x2 
 .text.uart_printf
                0x080059f0       0x44 CMakeFiles/dfu-test.elf.dir/User_App/com/log.c.obj
                0x080059f0                uart_printf
 .text.uart_receive_irq
                0x08005a34       0x14 CMakeFiles/dfu-test.elf.dir/User_Drive/com/uart_drive.c.obj
 .text.uart_receive
                0x08005a48       0x14 CMakeFiles/dfu-test.elf.dir/User_Drive/com/uart_drive.c.obj
 .text.uart_transmit
                0x08005a5c       0x34 CMakeFiles/dfu-test.elf.dir/User_Drive/com/uart_drive.c.obj
 .text.HAL_UARTEx_RxEventCallback
                0x08005a90       0x10 CMakeFiles/dfu-test.elf.dir/User_Drive/com/uart_drive.c.obj
                0x08005a90                HAL_UARTEx_RxEventCallback
 .text.malloc   0x08005aa0       0x10 c:/users/public/app/mingw-w64-i686-arm-none-eabi/bin/../lib/gcc/arm-none-eabi/12.2.1/thumb/v7-m/nofp\libc.a(libc_a-malloc.o)
                0x08005aa0                malloc
 .text._malloc_r
                0x08005ab0      0x570 c:/users/public/app/mingw-w64-i686-arm-none-eabi/bin/../lib/gcc/arm-none-eabi/12.2.1/thumb/v7-m/nofp\libc.a(libc_a-mallocr.o)
                0x08005ab0                _malloc_r
 .text.__malloc_lock
                0x08006020        0xc c:/users/public/app/mingw-w64-i686-arm-none-eabi/bin/../lib/gcc/arm-none-eabi/12.2.1/thumb/v7-m/nofp\libc.a(libc_a-mlock.o)
                0x08006020                __malloc_lock
 .text.__malloc_unlock
                0x0800602c        0xc c:/users/public/app/mingw-w64-i686-arm-none-eabi/bin/../lib/gcc/arm-none-eabi/12.2.1/thumb/v7-m/nofp\libc.a(libc_a-mlock.o)
                0x0800602c                __malloc_unlock
 .text.stdio_exit_handler
                0x08006038       0x18 c:/users/public/app/mingw-w64-i686-arm-none-eabi/bin/../lib/gcc/arm-none-eabi/12.2.1/thumb/v7-m/nofp\libc.a(libc_a-findfp.o)
 .text.cleanup_stdio
                0x08006050       0x40 c:/users/public/app/mingw-w64-i686-arm-none-eabi/bin/../lib/gcc/arm-none-eabi/12.2.1/thumb/v7-m/nofp\libc.a(libc_a-findfp.o)
 .text.global_stdio_init.part.0
                0x08006090       0xf0 c:/users/public/app/mingw-w64-i686-arm-none-eabi/bin/../lib/gcc/arm-none-eabi/12.2.1/thumb/v7-m/nofp\libc.a(libc_a-findfp.o)
 .text.__sinit  0x08006180       0x3c c:/users/public/app/mingw-w64-i686-arm-none-eabi/bin/../lib/gcc/arm-none-eabi/12.2.1/thumb/v7-m/nofp\libc.a(libc_a-findfp.o)
                0x08006180                __sinit
 .text.__sfp_lock_acquire
                0x080061bc        0xc c:/users/public/app/mingw-w64-i686-arm-none-eabi/bin/../lib/gcc/arm-none-eabi/12.2.1/thumb/v7-m/nofp\libc.a(libc_a-findfp.o)
                0x080061bc                __sfp_lock_acquire
 .text.__sfp_lock_release
                0x080061c8        0xc c:/users/public/app/mingw-w64-i686-arm-none-eabi/bin/../lib/gcc/arm-none-eabi/12.2.1/thumb/v7-m/nofp\libc.a(libc_a-findfp.o)
                0x080061c8                __sfp_lock_release
 .text._fwalk_sglue
                0x080061d4       0x44 c:/users/public/app/mingw-w64-i686-arm-none-eabi/bin/../lib/gcc/arm-none-eabi/12.2.1/thumb/v7-m/nofp\libc.a(libc_a-fwalk.o)
                0x080061d4                _fwalk_sglue
 .text.__sread  0x08006218       0x24 c:/users/public/app/mingw-w64-i686-arm-none-eabi/bin/../lib/gcc/arm-none-eabi/12.2.1/thumb/v7-m/nofp\libc.a(libc_a-stdio.o)
                0x08006218                __sread
 .text.__swrite
                0x0800623c       0x40 c:/users/public/app/mingw-w64-i686-arm-none-eabi/bin/../lib/gcc/arm-none-eabi/12.2.1/thumb/v7-m/nofp\libc.a(libc_a-stdio.o)
                0x0800623c                __swrite
 .text.__sseek  0x0800627c       0x24 c:/users/public/app/mingw-w64-i686-arm-none-eabi/bin/../lib/gcc/arm-none-eabi/12.2.1/thumb/v7-m/nofp\libc.a(libc_a-stdio.o)
                0x0800627c                __sseek
 .text.__sclose
                0x080062a0        0x8 c:/users/public/app/mingw-w64-i686-arm-none-eabi/bin/../lib/gcc/arm-none-eabi/12.2.1/thumb/v7-m/nofp\libc.a(libc_a-stdio.o)
                0x080062a0                __sclose
 .text.vsnprintf
                0x080062a8       0x6c c:/users/public/app/mingw-w64-i686-arm-none-eabi/bin/../lib/gcc/arm-none-eabi/12.2.1/thumb/v7-m/nofp\libc.a(libc_a-vsnprintf.o)
                0x080062a8                vsnprintf
 .text.memset   0x08006314       0xa0 c:/users/public/app/mingw-w64-i686-arm-none-eabi/bin/../lib/gcc/arm-none-eabi/12.2.1/thumb/v7-m/nofp\libc.a(libc_a-memset.o)
                0x08006314                memset
 .text._close_r
                0x080063b4       0x24 c:/users/public/app/mingw-w64-i686-arm-none-eabi/bin/../lib/gcc/arm-none-eabi/12.2.1/thumb/v7-m/nofp\libc.a(libc_a-closer.o)
                0x080063b4                _close_r
 .text._lseek_r
                0x080063d8       0x2c c:/users/public/app/mingw-w64-i686-arm-none-eabi/bin/../lib/gcc/arm-none-eabi/12.2.1/thumb/v7-m/nofp\libc.a(libc_a-lseekr.o)
                0x080063d8                _lseek_r
 .text._read_r  0x08006404       0x2c c:/users/public/app/mingw-w64-i686-arm-none-eabi/bin/../lib/gcc/arm-none-eabi/12.2.1/thumb/v7-m/nofp\libc.a(libc_a-readr.o)
                0x08006404                _read_r
 .text._sbrk_r  0x08006430       0x24 c:/users/public/app/mingw-w64-i686-arm-none-eabi/bin/../lib/gcc/arm-none-eabi/12.2.1/thumb/v7-m/nofp\libc.a(libc_a-sbrkr.o)
                0x08006430                _sbrk_r
 .text._write_r
                0x08006454       0x2c c:/users/public/app/mingw-w64-i686-arm-none-eabi/bin/../lib/gcc/arm-none-eabi/12.2.1/thumb/v7-m/nofp\libc.a(libc_a-writer.o)
                0x08006454                _write_r
 .text.__errno  0x08006480        0xc c:/users/public/app/mingw-w64-i686-arm-none-eabi/bin/../lib/gcc/arm-none-eabi/12.2.1/thumb/v7-m/nofp\libc.a(libc_a-errno.o)
                0x08006480                __errno
 .text.__libc_init_array
                0x0800648c       0x50 c:/users/public/app/mingw-w64-i686-arm-none-eabi/bin/../lib/gcc/arm-none-eabi/12.2.1/thumb/v7-m/nofp\libc.a(libc_a-init.o)
                0x0800648c                __libc_init_array
 .text.__retarget_lock_init_recursive
                0x080064dc        0x4 c:/users/public/app/mingw-w64-i686-arm-none-eabi/bin/../lib/gcc/arm-none-eabi/12.2.1/thumb/v7-m/nofp\libc.a(libc_a-lock.o)
                0x080064dc                __retarget_lock_init_recursive
 .text.__retarget_lock_close_recursive
                0x080064e0        0x4 c:/users/public/app/mingw-w64-i686-arm-none-eabi/bin/../lib/gcc/arm-none-eabi/12.2.1/thumb/v7-m/nofp\libc.a(libc_a-lock.o)
                0x080064e0                __retarget_lock_close_recursive
 .text.__retarget_lock_acquire_recursive
                0x080064e4        0x4 c:/users/public/app/mingw-w64-i686-arm-none-eabi/bin/../lib/gcc/arm-none-eabi/12.2.1/thumb/v7-m/nofp\libc.a(libc_a-lock.o)
                0x080064e4                __retarget_lock_acquire_recursive
 .text.__retarget_lock_release_recursive
                0x080064e8        0x4 c:/users/public/app/mingw-w64-i686-arm-none-eabi/bin/../lib/gcc/arm-none-eabi/12.2.1/thumb/v7-m/nofp\libc.a(libc_a-lock.o)
                0x080064e8                __retarget_lock_release_recursive
 .text.sysconf  0x080064ec       0x1c c:/users/public/app/mingw-w64-i686-arm-none-eabi/bin/../lib/gcc/arm-none-eabi/12.2.1/thumb/v7-m/nofp\libc.a(libc_a-sysconf.o)
                0x080064ec                sysconf
 .text.strlen   0x08006508       0x5c c:/users/public/app/mingw-w64-i686-arm-none-eabi/bin/../lib/gcc/arm-none-eabi/12.2.1/thumb/v7-m/nofp\libc.a(libc_a-strlen-stub.o)
                0x08006508                strlen
 .text.startup.register_fini
                0x08006564       0x14 c:/users/public/app/mingw-w64-i686-arm-none-eabi/bin/../lib/gcc/arm-none-eabi/12.2.1/thumb/v7-m/nofp\libc.a(libc_a-__call_atexit.o)
 .text.atexit   0x08006578        0xc c:/users/public/app/mingw-w64-i686-arm-none-eabi/bin/../lib/gcc/arm-none-eabi/12.2.1/thumb/v7-m/nofp\libc.a(libc_a-atexit.o)
                0x08006578                atexit
 .text._malloc_trim_r
                0x08006584       0xb8 c:/users/public/app/mingw-w64-i686-arm-none-eabi/bin/../lib/gcc/arm-none-eabi/12.2.1/thumb/v7-m/nofp\libc.a(libc_a-freer.o)
                0x08006584                _malloc_trim_r
 .text._free_r  0x0800663c      0x1fc c:/users/public/app/mingw-w64-i686-arm-none-eabi/bin/../lib/gcc/arm-none-eabi/12.2.1/thumb/v7-m/nofp\libc.a(libc_a-freer.o)
                0x0800663c                _free_r
 .text._svfprintf_r
                0x08006838     0x1bb8 c:/users/public/app/mingw-w64-i686-arm-none-eabi/bin/../lib/gcc/arm-none-eabi/12.2.1/thumb/v7-m/nofp\libc.a(libc_a-svfprintf.o)
                0x08006838                _svfprintf_r
 .text._fclose_r
                0x080083f0       0xc0 c:/users/public/app/mingw-w64-i686-arm-none-eabi/bin/../lib/gcc/arm-none-eabi/12.2.1/thumb/v7-m/nofp\libc.a(libc_a-fclose.o)
                0x080083f0                _fclose_r
 .text.__sflush_r
                0x080084b0      0x128 c:/users/public/app/mingw-w64-i686-arm-none-eabi/bin/../lib/gcc/arm-none-eabi/12.2.1/thumb/v7-m/nofp\libc.a(libc_a-fflush.o)
                0x080084b0                __sflush_r
 .text._fflush_r
                0x080085d8       0x54 c:/users/public/app/mingw-w64-i686-arm-none-eabi/bin/../lib/gcc/arm-none-eabi/12.2.1/thumb/v7-m/nofp\libc.a(libc_a-fflush.o)
                0x080085d8                _fflush_r
 .text.strncpy  0x0800862c       0x6c c:/users/public/app/mingw-w64-i686-arm-none-eabi/bin/../lib/gcc/arm-none-eabi/12.2.1/thumb/v7-m/nofp\libc.a(libc_a-strncpy.o)
                0x0800862c                strncpy
 .text.__locale_mb_cur_max
                0x08008698        0xc c:/users/public/app/mingw-w64-i686-arm-none-eabi/bin/../lib/gcc/arm-none-eabi/12.2.1/thumb/v7-m/nofp\libc.a(libc_a-locale.o)
                0x08008698                __locale_mb_cur_max
 .text._localeconv_r
                0x080086a4        0x8 c:/users/public/app/mingw-w64-i686-arm-none-eabi/bin/../lib/gcc/arm-none-eabi/12.2.1/thumb/v7-m/nofp\libc.a(libc_a-localeconv.o)
                0x080086a4                _localeconv_r
 .text.__libc_fini_array
                0x080086ac       0x28 c:/users/public/app/mingw-w64-i686-arm-none-eabi/bin/../lib/gcc/arm-none-eabi/12.2.1/thumb/v7-m/nofp\libc.a(libc_a-fini.o)
                0x080086ac                __libc_fini_array
 .text.memchr   0x080086d4       0x98 c:/users/public/app/mingw-w64-i686-arm-none-eabi/bin/../lib/gcc/arm-none-eabi/12.2.1/thumb/v7-m/nofp\libc.a(libc_a-memchr-stub.o)
                0x080086d4                memchr
 .text.frexp    0x0800876c       0x70 c:/users/public/app/mingw-w64-i686-arm-none-eabi/bin/../lib/gcc/arm-none-eabi/12.2.1/thumb/v7-m/nofp\libc.a(libm_a-s_frexp.o)
                0x0800876c                frexp
 .text.__register_exitproc
                0x080087dc       0x80 c:/users/public/app/mingw-w64-i686-arm-none-eabi/bin/../lib/gcc/arm-none-eabi/12.2.1/thumb/v7-m/nofp\libc.a(libc_a-__atexit.o)
                0x080087dc                __register_exitproc
 .text.quorem   0x0800885c      0x13c c:/users/public/app/mingw-w64-i686-arm-none-eabi/bin/../lib/gcc/arm-none-eabi/12.2.1/thumb/v7-m/nofp\libc.a(libc_a-dtoa.o)
 .text._dtoa_r  0x08008998      0xe54 c:/users/public/app/mingw-w64-i686-arm-none-eabi/bin/../lib/gcc/arm-none-eabi/12.2.1/thumb/v7-m/nofp\libc.a(libc_a-dtoa.o)
                0x08008998                _dtoa_r
 .text.__ascii_mbtowc
                0x080097ec       0x2c c:/users/public/app/mingw-w64-i686-arm-none-eabi/bin/../lib/gcc/arm-none-eabi/12.2.1/thumb/v7-m/nofp\libc.a(libc_a-mbtowc_r.o)
                0x080097ec                __ascii_mbtowc
 .text._Balloc  0x08009818       0x4c c:/users/public/app/mingw-w64-i686-arm-none-eabi/bin/../lib/gcc/arm-none-eabi/12.2.1/thumb/v7-m/nofp\libc.a(libc_a-mprec.o)
                0x08009818                _Balloc
 .text._Bfree   0x08009864       0x14 c:/users/public/app/mingw-w64-i686-arm-none-eabi/bin/../lib/gcc/arm-none-eabi/12.2.1/thumb/v7-m/nofp\libc.a(libc_a-mprec.o)
                0x08009864                _Bfree
 .text.__multadd
                0x08009878       0xa4 c:/users/public/app/mingw-w64-i686-arm-none-eabi/bin/../lib/gcc/arm-none-eabi/12.2.1/thumb/v7-m/nofp\libc.a(libc_a-mprec.o)
                0x08009878                __multadd
 .text.__hi0bits
                0x0800991c       0x44 c:/users/public/app/mingw-w64-i686-arm-none-eabi/bin/../lib/gcc/arm-none-eabi/12.2.1/thumb/v7-m/nofp\libc.a(libc_a-mprec.o)
                0x0800991c                __hi0bits
 .text.__lo0bits
                0x08009960       0x5c c:/users/public/app/mingw-w64-i686-arm-none-eabi/bin/../lib/gcc/arm-none-eabi/12.2.1/thumb/v7-m/nofp\libc.a(libc_a-mprec.o)
                0x08009960                __lo0bits
 .text.__i2b    0x080099bc       0x5c c:/users/public/app/mingw-w64-i686-arm-none-eabi/bin/../lib/gcc/arm-none-eabi/12.2.1/thumb/v7-m/nofp\libc.a(libc_a-mprec.o)
                0x080099bc                __i2b
 .text.__multiply
                0x08009a18      0x164 c:/users/public/app/mingw-w64-i686-arm-none-eabi/bin/../lib/gcc/arm-none-eabi/12.2.1/thumb/v7-m/nofp\libc.a(libc_a-mprec.o)
                0x08009a18                __multiply
 .text.__pow5mult
                0x08009b7c       0xb4 c:/users/public/app/mingw-w64-i686-arm-none-eabi/bin/../lib/gcc/arm-none-eabi/12.2.1/thumb/v7-m/nofp\libc.a(libc_a-mprec.o)
                0x08009b7c                __pow5mult
 .text.__lshift
                0x08009c30       0xec c:/users/public/app/mingw-w64-i686-arm-none-eabi/bin/../lib/gcc/arm-none-eabi/12.2.1/thumb/v7-m/nofp\libc.a(libc_a-mprec.o)
                0x08009c30                __lshift
 .text.__mcmp   0x08009d1c       0x40 c:/users/public/app/mingw-w64-i686-arm-none-eabi/bin/../lib/gcc/arm-none-eabi/12.2.1/thumb/v7-m/nofp\libc.a(libc_a-mprec.o)
                0x08009d1c                __mcmp
 .text.__mdiff  0x08009d5c      0x160 c:/users/public/app/mingw-w64-i686-arm-none-eabi/bin/../lib/gcc/arm-none-eabi/12.2.1/thumb/v7-m/nofp\libc.a(libc_a-mprec.o)
                0x08009d5c                __mdiff
 .text.__d2b    0x08009ebc       0xbc c:/users/public/app/mingw-w64-i686-arm-none-eabi/bin/../lib/gcc/arm-none-eabi/12.2.1/thumb/v7-m/nofp\libc.a(libc_a-mprec.o)
                0x08009ebc                __d2b
 .text.__ascii_wctomb
                0x08009f78       0x1c c:/users/public/app/mingw-w64-i686-arm-none-eabi/bin/../lib/gcc/arm-none-eabi/12.2.1/thumb/v7-m/nofp\libc.a(libc_a-wctomb_r.o)
                0x08009f78                __ascii_wctomb
 .text._wcrtomb_r
                0x08009f94       0x4c c:/users/public/app/mingw-w64-i686-arm-none-eabi/bin/../lib/gcc/arm-none-eabi/12.2.1/thumb/v7-m/nofp\libc.a(libc_a-wcrtomb.o)
                0x08009f94                _wcrtomb_r
 .text._wcsrtombs_r
                0x08009fe0       0x18 c:/users/public/app/mingw-w64-i686-arm-none-eabi/bin/../lib/gcc/arm-none-eabi/12.2.1/thumb/v7-m/nofp\libc.a(libc_a-wcsrtombs.o)
                0x08009fe0                _wcsrtombs_r
 .text.__ssprint_r
                0x08009ff8      0x110 c:/users/public/app/mingw-w64-i686-arm-none-eabi/bin/../lib/gcc/arm-none-eabi/12.2.1/thumb/v7-m/nofp\libc.a(libc_a-svfiprintf.o)
                0x08009ff8                __ssprint_r
 .text.memmove  0x0800a108       0xfc c:/users/public/app/mingw-w64-i686-arm-none-eabi/bin/../lib/gcc/arm-none-eabi/12.2.1/thumb/v7-m/nofp\libc.a(libc_a-memmove.o)
                0x0800a108                memmove
 .text.__assert_func
                0x0800a204       0x40 c:/users/public/app/mingw-w64-i686-arm-none-eabi/bin/../lib/gcc/arm-none-eabi/12.2.1/thumb/v7-m/nofp\libc.a(libc_a-assert.o)
                0x0800a204                __assert_func
 .text._calloc_r
                0x0800a244       0x6c c:/users/public/app/mingw-w64-i686-arm-none-eabi/bin/../lib/gcc/arm-none-eabi/12.2.1/thumb/v7-m/nofp\libc.a(libc_a-callocr.o)
                0x0800a244                _calloc_r
 .text._realloc_r
                0x0800a2b0      0x34c c:/users/public/app/mingw-w64-i686-arm-none-eabi/bin/../lib/gcc/arm-none-eabi/12.2.1/thumb/v7-m/nofp\libc.a(libc_a-reallocr.o)
                0x0800a2b0                _realloc_r
 .text._wcsnrtombs_l
                0x0800a5fc       0xec c:/users/public/app/mingw-w64-i686-arm-none-eabi/bin/../lib/gcc/arm-none-eabi/12.2.1/thumb/v7-m/nofp\libc.a(libc_a-wcsnrtombs.o)
                0x0800a5fc                _wcsnrtombs_l
 .text._wcsnrtombs_r
                0x0800a6e8       0x24 c:/users/public/app/mingw-w64-i686-arm-none-eabi/bin/../lib/gcc/arm-none-eabi/12.2.1/thumb/v7-m/nofp\libc.a(libc_a-wcsnrtombs.o)
                0x0800a6e8                _wcsnrtombs_r
 .text.fiprintf
                0x0800a70c       0x28 c:/users/public/app/mingw-w64-i686-arm-none-eabi/bin/../lib/gcc/arm-none-eabi/12.2.1/thumb/v7-m/nofp\libc.a(libc_a-fiprintf.o)
                0x0800a70c                fiprintf
 .text.__sprint_r.part.0
                0x0800a734       0x78 c:/users/public/app/mingw-w64-i686-arm-none-eabi/bin/../lib/gcc/arm-none-eabi/12.2.1/thumb/v7-m/nofp\libc.a(libc_a-vfiprintf.o)
 .text._vfiprintf_r
                0x0800a7ac      0xf9c c:/users/public/app/mingw-w64-i686-arm-none-eabi/bin/../lib/gcc/arm-none-eabi/12.2.1/thumb/v7-m/nofp\libc.a(libc_a-vfiprintf.o)
                0x0800a7ac                _vfiprintf_r
 .text.__sbprintf
                0x0800b748       0x80 c:/users/public/app/mingw-w64-i686-arm-none-eabi/bin/../lib/gcc/arm-none-eabi/12.2.1/thumb/v7-m/nofp\libc.a(libc_a-vfiprintf.o)
 .text.__sfvwrite_r
                0x0800b7c8      0x2ec c:/users/public/app/mingw-w64-i686-arm-none-eabi/bin/../lib/gcc/arm-none-eabi/12.2.1/thumb/v7-m/nofp\libc.a(libc_a-fvwrite.o)
                0x0800b7c8                __sfvwrite_r
 .text.__swsetup_r
                0x0800bab4       0xc0 c:/users/public/app/mingw-w64-i686-arm-none-eabi/bin/../lib/gcc/arm-none-eabi/12.2.1/thumb/v7-m/nofp\libc.a(libc_a-wsetup.o)
                0x0800bab4                __swsetup_r
 .text.__fputwc
                0x0800bb74       0x7c c:/users/public/app/mingw-w64-i686-arm-none-eabi/bin/../lib/gcc/arm-none-eabi/12.2.1/thumb/v7-m/nofp\libc.a(libc_a-fputwc.o)
                0x0800bb74                __fputwc
 .text._fputwc_r
                0x0800bbf0       0x60 c:/users/public/app/mingw-w64-i686-arm-none-eabi/bin/../lib/gcc/arm-none-eabi/12.2.1/thumb/v7-m/nofp\libc.a(libc_a-fputwc.o)
                0x0800bbf0                _fputwc_r
 .text.abort    0x0800bc50       0x10 c:/users/public/app/mingw-w64-i686-arm-none-eabi/bin/../lib/gcc/arm-none-eabi/12.2.1/thumb/v7-m/nofp\libc.a(libc_a-abort.o)
                0x0800bc50                abort
 .text.__smakebuf_r
                0x0800bc60       0xdc c:/users/public/app/mingw-w64-i686-arm-none-eabi/bin/../lib/gcc/arm-none-eabi/12.2.1/thumb/v7-m/nofp\libc.a(libc_a-makebuf.o)
                0x0800bc60                __smakebuf_r
 .text.__swbuf_r
                0x0800bd3c       0xac c:/users/public/app/mingw-w64-i686-arm-none-eabi/bin/../lib/gcc/arm-none-eabi/12.2.1/thumb/v7-m/nofp\libc.a(libc_a-wbuf.o)
                0x0800bd3c                __swbuf_r
 .text.raise    0x0800bde8       0x58 c:/users/public/app/mingw-w64-i686-arm-none-eabi/bin/../lib/gcc/arm-none-eabi/12.2.1/thumb/v7-m/nofp\libc.a(libc_a-signal.o)
                0x0800bde8                raise
 .text._fstat_r
                0x0800be40       0x28 c:/users/public/app/mingw-w64-i686-arm-none-eabi/bin/../lib/gcc/arm-none-eabi/12.2.1/thumb/v7-m/nofp\libc.a(libc_a-fstatr.o)
                0x0800be40                _fstat_r
 .text._isatty_r
                0x0800be68       0x24 c:/users/public/app/mingw-w64-i686-arm-none-eabi/bin/../lib/gcc/arm-none-eabi/12.2.1/thumb/v7-m/nofp\libc.a(libc_a-isattyr.o)
                0x0800be68                _isatty_r
 .text._kill_r  0x0800be8c       0x28 c:/users/public/app/mingw-w64-i686-arm-none-eabi/bin/../lib/gcc/arm-none-eabi/12.2.1/thumb/v7-m/nofp\libc.a(libc_a-signalr.o)
                0x0800be8c                _kill_r
 .text._getpid_r
                0x0800beb4        0x4 c:/users/public/app/mingw-w64-i686-arm-none-eabi/bin/../lib/gcc/arm-none-eabi/12.2.1/thumb/v7-m/nofp\libc.a(libc_a-signalr.o)
                0x0800beb4                _getpid_r
 *(.glue_7)
 .glue_7        0x0800beb8        0x0 linker stubs
 *(.glue_7t)
 .glue_7t       0x0800beb8        0x0 linker stubs
 *(.eh_frame)
 .eh_frame      0x0800beb8        0x0 c:/users/public/app/mingw-w64-i686-arm-none-eabi/bin/../lib/gcc/arm-none-eabi/12.2.1/thumb/v7-m/nofp/crtbegin.o
 *(.init)
 .init          0x0800beb8        0x4 c:/users/public/app/mingw-w64-i686-arm-none-eabi/bin/../lib/gcc/arm-none-eabi/12.2.1/thumb/v7-m/nofp/crti.o
                0x0800beb8                _init
 .init          0x0800bebc        0x8 c:/users/public/app/mingw-w64-i686-arm-none-eabi/bin/../lib/gcc/arm-none-eabi/12.2.1/thumb/v7-m/nofp/crtn.o
 *(.fini)
 .fini          0x0800bec4        0x4 c:/users/public/app/mingw-w64-i686-arm-none-eabi/bin/../lib/gcc/arm-none-eabi/12.2.1/thumb/v7-m/nofp/crti.o
                0x0800bec4                _fini
 .fini          0x0800bec8        0x8 c:/users/public/app/mingw-w64-i686-arm-none-eabi/bin/../lib/gcc/arm-none-eabi/12.2.1/thumb/v7-m/nofp/crtn.o
                0x0800bed0                        . = ALIGN (0x4)
                0x0800bed0                        _etext = .

.vfp11_veneer   0x0800bed0        0x0
 .vfp11_veneer  0x0800bed0        0x0 linker stubs

.v4_bx          0x0800bed0        0x0
 .v4_bx         0x0800bed0        0x0 linker stubs

.iplt           0x0800bed0        0x0
 .iplt          0x0800bed0        0x0 c:/users/public/app/mingw-w64-i686-arm-none-eabi/bin/../lib/gcc/arm-none-eabi/12.2.1/thumb/v7-m/nofp/crtbegin.o

.rodata         0x0800bed0      0x52c
                0x0800bed0                        . = ALIGN (0x4)
 *(.rodata)
 .rodata        0x0800bed0        0x8 CMakeFiles/dfu-test.elf.dir/User_App/Main.c.obj
 *(.rodata*)
 .rodata.APBPrescTable
                0x0800bed8        0x8 CMakeFiles/dfu-test.elf.dir/Core/Src/system_stm32f1xx.c.obj
                0x0800bed8                APBPrescTable
 .rodata.AHBPrescTable
                0x0800bee0       0x10 CMakeFiles/dfu-test.elf.dir/Core/Src/system_stm32f1xx.c.obj
                0x0800bee0                AHBPrescTable
 .rodata.aPredivFactorTable.0
                0x0800bef0        0x2 CMakeFiles/dfu-test.elf.dir/Drivers/STM32F1xx_HAL_Driver/Src/stm32f1xx_hal_rcc.c.obj
 *fill*         0x0800bef2        0x2 
 .rodata.aPLLMULFactorTable.1
                0x0800bef4       0x10 CMakeFiles/dfu-test.elf.dir/Drivers/STM32F1xx_HAL_Driver/Src/stm32f1xx_hal_rcc.c.obj
 .rodata.USBD_FS_ProductStrDescriptor.str1.4
                0x0800bf04       0x1f CMakeFiles/dfu-test.elf.dir/USB_DEVICE/App/usbd_desc.c.obj
 *fill*         0x0800bf23        0x1 
 .rodata.USBD_FS_ManufacturerStrDescriptor.str1.4
                0x0800bf24       0x13 CMakeFiles/dfu-test.elf.dir/USB_DEVICE/App/usbd_desc.c.obj
 *fill*         0x0800bf37        0x1 
 .rodata.USBD_FS_ConfigStrDescriptor.str1.4
                0x0800bf38        0xb CMakeFiles/dfu-test.elf.dir/USB_DEVICE/App/usbd_desc.c.obj
 *fill*         0x0800bf43        0x1 
 .rodata.USBD_FS_InterfaceStrDescriptor.str1.4
                0x0800bf44        0xe CMakeFiles/dfu-test.elf.dir/USB_DEVICE/App/usbd_desc.c.obj
 *fill*         0x0800bf52        0x2 
 .rodata.str1.4
                0x0800bf54       0x5d CMakeFiles/dfu-test.elf.dir/USB_DEVICE/App/usbd_dfu_if.c.obj
 *fill*         0x0800bfb1        0x3 
 .rodata.receive_slot_uart.str1.4
                0x0800bfb4       0x14 CMakeFiles/dfu-test.elf.dir/User_App/Main.c.obj
 .rodata.Main.str1.4
                0x0800bfc8       0x19 CMakeFiles/dfu-test.elf.dir/User_App/Main.c.obj
 *fill*         0x0800bfe1        0x3 
 .rodata.__FUNCTION__.0
                0x0800bfe4        0x5 CMakeFiles/dfu-test.elf.dir/User_App/Main.c.obj
 *fill*         0x0800bfe9        0x3 
 .rodata.__FUNCTION__.1
                0x0800bfec       0x12 CMakeFiles/dfu-test.elf.dir/User_App/Main.c.obj
 *fill*         0x0800bffe        0x2 
 .rodata._svfprintf_r.str1.4
                0x0800c000       0x42 c:/users/public/app/mingw-w64-i686-arm-none-eabi/bin/../lib/gcc/arm-none-eabi/12.2.1/thumb/v7-m/nofp\libc.a(libc_a-svfprintf.o)
 *fill*         0x0800c042        0x2 
 .rodata.zeroes.0
                0x0800c044       0x10 c:/users/public/app/mingw-w64-i686-arm-none-eabi/bin/../lib/gcc/arm-none-eabi/12.2.1/thumb/v7-m/nofp\libc.a(libc_a-svfprintf.o)
 .rodata.blanks.1
                0x0800c054       0x10 c:/users/public/app/mingw-w64-i686-arm-none-eabi/bin/../lib/gcc/arm-none-eabi/12.2.1/thumb/v7-m/nofp\libc.a(libc_a-svfprintf.o)
 .rodata.str1.4
                0x0800c064       0x48 c:/users/public/app/mingw-w64-i686-arm-none-eabi/bin/../lib/gcc/arm-none-eabi/12.2.1/thumb/v7-m/nofp\libc.a(libc_a-locale.o)
                                 0x4c (size before relaxing)
 .rodata._dtoa_r.str1.4
                0x0800c0ac       0x85 c:/users/public/app/mingw-w64-i686-arm-none-eabi/bin/../lib/gcc/arm-none-eabi/12.2.1/thumb/v7-m/nofp\libc.a(libc_a-dtoa.o)
                                 0x89 (size before relaxing)
 *fill*         0x0800c131        0x3 
 .rodata.__multadd.str1.4
                0x0800c134       0x62 c:/users/public/app/mingw-w64-i686-arm-none-eabi/bin/../lib/gcc/arm-none-eabi/12.2.1/thumb/v7-m/nofp\libc.a(libc_a-mprec.o)
                                 0x76 (size before relaxing)
 *fill*         0x0800c196        0x2 
 .rodata.p05.0  0x0800c198        0xc c:/users/public/app/mingw-w64-i686-arm-none-eabi/bin/../lib/gcc/arm-none-eabi/12.2.1/thumb/v7-m/nofp\libc.a(libc_a-mprec.o)
 *fill*         0x0800c1a4        0x4 
 .rodata.__mprec_bigtens
                0x0800c1a8       0x28 c:/users/public/app/mingw-w64-i686-arm-none-eabi/bin/../lib/gcc/arm-none-eabi/12.2.1/thumb/v7-m/nofp\libc.a(libc_a-mprec.o)
                0x0800c1a8                __mprec_bigtens
 .rodata.__mprec_tens
                0x0800c1d0       0xc8 c:/users/public/app/mingw-w64-i686-arm-none-eabi/bin/../lib/gcc/arm-none-eabi/12.2.1/thumb/v7-m/nofp\libc.a(libc_a-mprec.o)
                0x0800c1d0                __mprec_tens
 .rodata._ctype_
                0x0800c298      0x101 c:/users/public/app/mingw-w64-i686-arm-none-eabi/bin/../lib/gcc/arm-none-eabi/12.2.1/thumb/v7-m/nofp\libc.a(libc_a-ctype_.o)
                0x0800c298                _ctype_
 *fill*         0x0800c399        0x3 
 .rodata.__assert_func.str1.4
                0x0800c39c       0x3f c:/users/public/app/mingw-w64-i686-arm-none-eabi/bin/../lib/gcc/arm-none-eabi/12.2.1/thumb/v7-m/nofp\libc.a(libc_a-assert.o)
                                 0x43 (size before relaxing)
 .rodata._vfiprintf_r.str1.4
                0x0800c3db       0x2f c:/users/public/app/mingw-w64-i686-arm-none-eabi/bin/../lib/gcc/arm-none-eabi/12.2.1/thumb/v7-m/nofp\libc.a(libc_a-vfiprintf.o)
 *fill*         0x0800c3db        0x1 
 .rodata.zeroes.0
                0x0800c3dc       0x10 c:/users/public/app/mingw-w64-i686-arm-none-eabi/bin/../lib/gcc/arm-none-eabi/12.2.1/thumb/v7-m/nofp\libc.a(libc_a-vfiprintf.o)
 .rodata.blanks.1
                0x0800c3ec       0x10 c:/users/public/app/mingw-w64-i686-arm-none-eabi/bin/../lib/gcc/arm-none-eabi/12.2.1/thumb/v7-m/nofp\libc.a(libc_a-vfiprintf.o)
                0x0800c3fc                        . = ALIGN (0x4)

.ARM.extab      0x0800c3fc        0x0
                0x0800c3fc                        . = ALIGN (0x4)
 *(.ARM.extab* .gnu.linkonce.armextab.*)
                0x0800c3fc                        . = ALIGN (0x4)

.ARM            0x0800c3fc        0x8
                0x0800c3fc                        . = ALIGN (0x4)
                0x0800c3fc                        __exidx_start = .
 *(.ARM.exidx*)
 .ARM.exidx     0x0800c3fc        0x8 c:/users/public/app/mingw-w64-i686-arm-none-eabi/bin/../lib/gcc/arm-none-eabi/12.2.1/thumb/v7-m/nofp\libc.a(libc_a-memcpy.o)
                0x0800c404                        __exidx_end = .
                0x0800c404                        . = ALIGN (0x4)

.rel.dyn        0x0800c404        0x0
 .rel.iplt      0x0800c404        0x0 c:/users/public/app/mingw-w64-i686-arm-none-eabi/bin/../lib/gcc/arm-none-eabi/12.2.1/thumb/v7-m/nofp/crtbegin.o

.preinit_array  0x0800c404        0x0
                0x0800c404                        . = ALIGN (0x4)
                0x0800c404                        PROVIDE (__preinit_array_start = .)
 *(.preinit_array*)
                0x0800c404                        PROVIDE (__preinit_array_end = .)
                0x0800c404                        . = ALIGN (0x4)

.init_array     0x0800c404        0x8
                0x0800c404                        . = ALIGN (0x4)
                0x0800c404                        PROVIDE (__init_array_start = .)
 *(SORT_BY_NAME(.init_array.*))
 .init_array.00000
                0x0800c404        0x4 c:/users/public/app/mingw-w64-i686-arm-none-eabi/bin/../lib/gcc/arm-none-eabi/12.2.1/thumb/v7-m/nofp\libc.a(libc_a-__call_atexit.o)
 *(.init_array*)
 .init_array    0x0800c408        0x4 c:/users/public/app/mingw-w64-i686-arm-none-eabi/bin/../lib/gcc/arm-none-eabi/12.2.1/thumb/v7-m/nofp/crtbegin.o
                0x0800c40c                        PROVIDE (__init_array_end = .)
                0x0800c40c                        . = ALIGN (0x4)

.fini_array     0x0800c40c        0x4
                0x0800c40c                        . = ALIGN (0x4)
                0x0800c40c                        PROVIDE (__fini_array_start = .)
 *(SORT_BY_NAME(.fini_array.*))
 *(.fini_array*)
 .fini_array    0x0800c40c        0x4 c:/users/public/app/mingw-w64-i686-arm-none-eabi/bin/../lib/gcc/arm-none-eabi/12.2.1/thumb/v7-m/nofp/crtbegin.o
                0x0800c410                        PROVIDE (__fini_array_end = .)
                0x0800c410                        . = ALIGN (0x4)
                0x0800c410                        _sidata = LOADADDR (.data)

.data           0x20000000      0x7b8 load address 0x0800c410
                0x20000000                        . = ALIGN (0x4)
                0x20000000                        _sdata = .
 *(.data)
 *(.data*)
 .data.SystemCoreClock
                0x20000000        0x4 CMakeFiles/dfu-test.elf.dir/Core/Src/system_stm32f1xx.c.obj
                0x20000000                SystemCoreClock
 .data.uwTickFreq
                0x20000004        0x1 CMakeFiles/dfu-test.elf.dir/Drivers/STM32F1xx_HAL_Driver/Src/stm32f1xx_hal.c.obj
                0x20000004                uwTickFreq
 *fill*         0x20000005        0x3 
 .data.uwTickPrio
                0x20000008        0x4 CMakeFiles/dfu-test.elf.dir/Drivers/STM32F1xx_HAL_Driver/Src/stm32f1xx_hal.c.obj
                0x20000008                uwTickPrio
 .data.USBD_DFU_DeviceQualifierDesc
                0x2000000c        0xa CMakeFiles/dfu-test.elf.dir/Middlewares/ST/STM32_USB_Device_Library/Class/DFU/Src/usbd_dfu.c.obj
 *fill*         0x20000016        0x2 
 .data.USBD_DFU_CfgDesc
                0x20000018       0x1b CMakeFiles/dfu-test.elf.dir/Middlewares/ST/STM32_USB_Device_Library/Class/DFU/Src/usbd_dfu.c.obj
 *fill*         0x20000033        0x1 
 .data.USBD_DFU
                0x20000034       0x3c CMakeFiles/dfu-test.elf.dir/Middlewares/ST/STM32_USB_Device_Library/Class/DFU/Src/usbd_dfu.c.obj
                0x20000034                USBD_DFU
 .data.USBD_StringSerial
                0x20000070       0x1a CMakeFiles/dfu-test.elf.dir/USB_DEVICE/App/usbd_desc.c.obj
                0x20000070                USBD_StringSerial
 *fill*         0x2000008a        0x2 
 .data.USBD_LangIDDesc
                0x2000008c        0x4 CMakeFiles/dfu-test.elf.dir/USB_DEVICE/App/usbd_desc.c.obj
                0x2000008c                USBD_LangIDDesc
 .data.USBD_FS_DeviceDesc
                0x20000090       0x12 CMakeFiles/dfu-test.elf.dir/USB_DEVICE/App/usbd_desc.c.obj
                0x20000090                USBD_FS_DeviceDesc
 *fill*         0x200000a2        0x2 
 .data.FS_Desc  0x200000a4       0x1c CMakeFiles/dfu-test.elf.dir/USB_DEVICE/App/usbd_desc.c.obj
                0x200000a4                FS_Desc
 .data.USBD_DFU_fops_FS
                0x200000c0       0x1c CMakeFiles/dfu-test.elf.dir/USB_DEVICE/App/usbd_dfu_if.c.obj
                0x200000c0                USBD_DFU_fops_FS
 .data.uart     0x200000dc       0x28 CMakeFiles/dfu-test.elf.dir/User_Drive/com/uart_drive.c.obj
                0x200000dc                uart
 .data.__malloc_sbrk_base
                0x20000104        0x4 c:/users/public/app/mingw-w64-i686-arm-none-eabi/bin/../lib/gcc/arm-none-eabi/12.2.1/thumb/v7-m/nofp\libc.a(libc_a-mallocr.o)
                0x20000104                __malloc_sbrk_base
 .data.__malloc_trim_threshold
                0x20000108        0x4 c:/users/public/app/mingw-w64-i686-arm-none-eabi/bin/../lib/gcc/arm-none-eabi/12.2.1/thumb/v7-m/nofp\libc.a(libc_a-mallocr.o)
                0x20000108                __malloc_trim_threshold
 *fill*         0x2000010c        0x4 
 .data.__malloc_av_
                0x20000110      0x408 c:/users/public/app/mingw-w64-i686-arm-none-eabi/bin/../lib/gcc/arm-none-eabi/12.2.1/thumb/v7-m/nofp\libc.a(libc_a-mallocr.o)
                0x20000110                __malloc_av_
 .data.__sglue  0x20000518        0xc c:/users/public/app/mingw-w64-i686-arm-none-eabi/bin/../lib/gcc/arm-none-eabi/12.2.1/thumb/v7-m/nofp\libc.a(libc_a-findfp.o)
                0x20000518                __sglue
 .data._impure_ptr
                0x20000524        0x4 c:/users/public/app/mingw-w64-i686-arm-none-eabi/bin/../lib/gcc/arm-none-eabi/12.2.1/thumb/v7-m/nofp\libc.a(libc_a-impure.o)
                0x20000524                _impure_ptr
 .data._impure_data
                0x20000528      0x120 c:/users/public/app/mingw-w64-i686-arm-none-eabi/bin/../lib/gcc/arm-none-eabi/12.2.1/thumb/v7-m/nofp\libc.a(libc_a-impure.o)
                0x20000528                _impure_data
 .data.__atexit_recursive_mutex
                0x20000648        0x4 c:/users/public/app/mingw-w64-i686-arm-none-eabi/bin/../lib/gcc/arm-none-eabi/12.2.1/thumb/v7-m/nofp\libc.a(libc_a-__call_atexit.o)
                0x20000648                __atexit_recursive_mutex
 .data.__global_locale
                0x2000064c      0x16c c:/users/public/app/mingw-w64-i686-arm-none-eabi/bin/../lib/gcc/arm-none-eabi/12.2.1/thumb/v7-m/nofp\libc.a(libc_a-locale.o)
                0x2000064c                __global_locale
 *(.RamFunc)
 *(.RamFunc*)
                0x200007b8                        . = ALIGN (0x4)
                0x200007b8                        _edata = .

.tm_clone_table
                0x200007b8        0x0 load address 0x0800cbc8
 .tm_clone_table
                0x200007b8        0x0 c:/users/public/app/mingw-w64-i686-arm-none-eabi/bin/../lib/gcc/arm-none-eabi/12.2.1/thumb/v7-m/nofp/crtbegin.o
 .tm_clone_table
                0x200007b8        0x0 c:/users/public/app/mingw-w64-i686-arm-none-eabi/bin/../lib/gcc/arm-none-eabi/12.2.1/thumb/v7-m/nofp/crtend.o

.igot.plt       0x200007b8        0x0 load address 0x0800cbc8
 .igot.plt      0x200007b8        0x0 c:/users/public/app/mingw-w64-i686-arm-none-eabi/bin/../lib/gcc/arm-none-eabi/12.2.1/thumb/v7-m/nofp/crtbegin.o
                0x200007b8                        . = ALIGN (0x4)

.bss            0x200007b8     0x119c load address 0x0800cbc8
                0x200007b8                        _sbss = .
                0x200007b8                        __bss_start__ = _sbss
 *(.bss)
 *(.bss*)
 .bss.completed.1
                0x200007b8        0x1 c:/users/public/app/mingw-w64-i686-arm-none-eabi/bin/../lib/gcc/arm-none-eabi/12.2.1/thumb/v7-m/nofp/crtbegin.o
 *fill*         0x200007b9        0x3 
 .bss.object.0  0x200007bc       0x18 c:/users/public/app/mingw-w64-i686-arm-none-eabi/bin/../lib/gcc/arm-none-eabi/12.2.1/thumb/v7-m/nofp/crtbegin.o
 .bss.__sbrk_heap_end
                0x200007d4        0x4 CMakeFiles/dfu-test.elf.dir/Core/Src/sysmem.c.obj
 .bss.hdma_usart1_rx
                0x200007d8       0x44 CMakeFiles/dfu-test.elf.dir/Core/Src/usart.c.obj
                0x200007d8                hdma_usart1_rx
 .bss.hdma_usart1_tx
                0x2000081c       0x44 CMakeFiles/dfu-test.elf.dir/Core/Src/usart.c.obj
                0x2000081c                hdma_usart1_tx
 .bss.huart1    0x20000860       0x48 CMakeFiles/dfu-test.elf.dir/Core/Src/usart.c.obj
                0x20000860                huart1
 .bss.uwTick    0x200008a8        0x4 CMakeFiles/dfu-test.elf.dir/Drivers/STM32F1xx_HAL_Driver/Src/stm32f1xx_hal.c.obj
                0x200008a8                uwTick
 .bss.USBD_StrDesc.0
                0x200008ac       0xff CMakeFiles/dfu-test.elf.dir/Middlewares/ST/STM32_USB_Device_Library/Class/DFU/Src/usbd_dfu.c.obj
 .bss.cfgidx.0  0x200009ab        0x1 CMakeFiles/dfu-test.elf.dir/Middlewares/ST/STM32_USB_Device_Library/Core/Src/usbd_ctlreq.c.obj
 .bss.hUsbDeviceFS
                0x200009ac      0x2c4 CMakeFiles/dfu-test.elf.dir/USB_DEVICE/App/usb_device.c.obj
                0x200009ac                hUsbDeviceFS
 .bss.USBD_StrDesc
                0x20000c70      0x200 CMakeFiles/dfu-test.elf.dir/USB_DEVICE/App/usbd_desc.c.obj
                0x20000c70                USBD_StrDesc
 .bss.mem.0     0x20000e70      0x420 CMakeFiles/dfu-test.elf.dir/USB_DEVICE/Target/usbd_conf.c.obj
 .bss.hpcd_USB_FS
                0x20001290      0x2f0 CMakeFiles/dfu-test.elf.dir/USB_DEVICE/Target/usbd_conf.c.obj
                0x20001290                hpcd_USB_FS
 .bss.rec_buf.2
                0x20001580       0x40 CMakeFiles/dfu-test.elf.dir/User_App/Main.c.obj
 .bss.buffer.0  0x200015c0       0x80 CMakeFiles/dfu-test.elf.dir/User_Drive/com/uart_drive.c.obj
 .bss.__malloc_current_mallinfo
                0x20001640       0x28 c:/users/public/app/mingw-w64-i686-arm-none-eabi/bin/../lib/gcc/arm-none-eabi/12.2.1/thumb/v7-m/nofp\libc.a(libc_a-mallocr.o)
                0x20001640                __malloc_current_mallinfo
 .bss.__malloc_max_total_mem
                0x20001668        0x4 c:/users/public/app/mingw-w64-i686-arm-none-eabi/bin/../lib/gcc/arm-none-eabi/12.2.1/thumb/v7-m/nofp\libc.a(libc_a-mallocr.o)
                0x20001668                __malloc_max_total_mem
 .bss.__malloc_max_sbrked_mem
                0x2000166c        0x4 c:/users/public/app/mingw-w64-i686-arm-none-eabi/bin/../lib/gcc/arm-none-eabi/12.2.1/thumb/v7-m/nofp\libc.a(libc_a-mallocr.o)
                0x2000166c                __malloc_max_sbrked_mem
 .bss.__malloc_top_pad
                0x20001670        0x4 c:/users/public/app/mingw-w64-i686-arm-none-eabi/bin/../lib/gcc/arm-none-eabi/12.2.1/thumb/v7-m/nofp\libc.a(libc_a-mallocr.o)
                0x20001670                __malloc_top_pad
 .bss.__sf      0x20001674      0x138 c:/users/public/app/mingw-w64-i686-arm-none-eabi/bin/../lib/gcc/arm-none-eabi/12.2.1/thumb/v7-m/nofp\libc.a(libc_a-findfp.o)
                0x20001674                __sf
 .bss.__stdio_exit_handler
                0x200017ac        0x4 c:/users/public/app/mingw-w64-i686-arm-none-eabi/bin/../lib/gcc/arm-none-eabi/12.2.1/thumb/v7-m/nofp\libc.a(libc_a-findfp.o)
                0x200017ac                __stdio_exit_handler
 .bss.errno     0x200017b0        0x4 c:/users/public/app/mingw-w64-i686-arm-none-eabi/bin/../lib/gcc/arm-none-eabi/12.2.1/thumb/v7-m/nofp\libc.a(libc_a-reent.o)
                0x200017b0                errno
 .bss.__lock___malloc_recursive_mutex
                0x200017b4        0x1 c:/users/public/app/mingw-w64-i686-arm-none-eabi/bin/../lib/gcc/arm-none-eabi/12.2.1/thumb/v7-m/nofp\libc.a(libc_a-lock.o)
                0x200017b4                __lock___malloc_recursive_mutex
 *fill*         0x200017b5        0x3 
 .bss.__lock___atexit_recursive_mutex
                0x200017b8        0x1 c:/users/public/app/mingw-w64-i686-arm-none-eabi/bin/../lib/gcc/arm-none-eabi/12.2.1/thumb/v7-m/nofp\libc.a(libc_a-lock.o)
                0x200017b8                __lock___atexit_recursive_mutex
 *fill*         0x200017b9        0x3 
 .bss.__lock___sfp_recursive_mutex
                0x200017bc        0x1 c:/users/public/app/mingw-w64-i686-arm-none-eabi/bin/../lib/gcc/arm-none-eabi/12.2.1/thumb/v7-m/nofp\libc.a(libc_a-lock.o)
                0x200017bc                __lock___sfp_recursive_mutex
 *fill*         0x200017bd        0x3 
 .bss.__atexit  0x200017c0        0x4 c:/users/public/app/mingw-w64-i686-arm-none-eabi/bin/../lib/gcc/arm-none-eabi/12.2.1/thumb/v7-m/nofp\libc.a(libc_a-__call_atexit.o)
                0x200017c0                __atexit
 .bss.__atexit0
                0x200017c4      0x190 c:/users/public/app/mingw-w64-i686-arm-none-eabi/bin/../lib/gcc/arm-none-eabi/12.2.1/thumb/v7-m/nofp\libc.a(libc_a-__atexit.o)
                0x200017c4                __atexit0
 *(COMMON)
                0x20001954                        . = ALIGN (0x4)
                0x20001954                        _ebss = .
                0x20001954                        __bss_end__ = _ebss

._user_heap_stack
                0x20001954      0x604 load address 0x0800cbc8
                0x20001958                        . = ALIGN (0x8)
 *fill*         0x20001954        0x4 
                [!provide]                        PROVIDE (end = .)
                0x20001958                        PROVIDE (_end = .)
                0x20001b58                        . = (. + _Min_Heap_Size)
 *fill*         0x20001958      0x200 
                0x20001f58                        . = (. + _Min_Stack_Size)
 *fill*         0x20001b58      0x400 
                0x20001f58                        . = ALIGN (0x8)

/DISCARD/
 libc.a(*)
 libm.a(*)
 libgcc.a(*)

.ARM.attributes
                0x00000000       0x29
 *(.ARM.attributes)
 .ARM.attributes
                0x00000000       0x1d c:/users/public/app/mingw-w64-i686-arm-none-eabi/bin/../lib/gcc/arm-none-eabi/12.2.1/thumb/v7-m/nofp/crti.o
 .ARM.attributes
                0x0000001d       0x2d c:/users/public/app/mingw-w64-i686-arm-none-eabi/bin/../lib/gcc/arm-none-eabi/12.2.1/thumb/v7-m/nofp/crtbegin.o
 .ARM.attributes
                0x0000004a       0x2d CMakeFiles/dfu-test.elf.dir/Core/Src/dma.c.obj
 .ARM.attributes
                0x00000077       0x2d CMakeFiles/dfu-test.elf.dir/Core/Src/gpio.c.obj
 .ARM.attributes
                0x000000a4       0x2d CMakeFiles/dfu-test.elf.dir/Core/Src/main.c.obj
 .ARM.attributes
                0x000000d1       0x2d CMakeFiles/dfu-test.elf.dir/Core/Src/stm32f1xx_hal_msp.c.obj
 .ARM.attributes
                0x000000fe       0x2d CMakeFiles/dfu-test.elf.dir/Core/Src/stm32f1xx_it.c.obj
 .ARM.attributes
                0x0000012b       0x2d CMakeFiles/dfu-test.elf.dir/Core/Src/syscalls.c.obj
 .ARM.attributes
                0x00000158       0x2d CMakeFiles/dfu-test.elf.dir/Core/Src/sysmem.c.obj
 .ARM.attributes
                0x00000185       0x2d CMakeFiles/dfu-test.elf.dir/Core/Src/system_stm32f1xx.c.obj
 .ARM.attributes
                0x000001b2       0x2d CMakeFiles/dfu-test.elf.dir/Core/Src/usart.c.obj
 .ARM.attributes
                0x000001df       0x21 CMakeFiles/dfu-test.elf.dir/Core/Startup/startup_stm32f103c8tx.s.obj
 .ARM.attributes
                0x00000200       0x2d CMakeFiles/dfu-test.elf.dir/Drivers/STM32F1xx_HAL_Driver/Src/stm32f1xx_hal.c.obj
 .ARM.attributes
                0x0000022d       0x2d CMakeFiles/dfu-test.elf.dir/Drivers/STM32F1xx_HAL_Driver/Src/stm32f1xx_hal_cortex.c.obj
 .ARM.attributes
                0x0000025a       0x2d CMakeFiles/dfu-test.elf.dir/Drivers/STM32F1xx_HAL_Driver/Src/stm32f1xx_hal_dma.c.obj
 .ARM.attributes
                0x00000287       0x2d CMakeFiles/dfu-test.elf.dir/Drivers/STM32F1xx_HAL_Driver/Src/stm32f1xx_hal_flash.c.obj
 .ARM.attributes
                0x000002b4       0x2d CMakeFiles/dfu-test.elf.dir/Drivers/STM32F1xx_HAL_Driver/Src/stm32f1xx_hal_gpio.c.obj
 .ARM.attributes